CMake Warning (dev) at CMakeLists.txt:2 (project):
  Policy CMP0048 is not set: project() command manages VERSION variables.
  Run "cmake --help-policy CMP0048" for policy details.  Use the cmake_policy
  command to set the policy and suppress this warning.

  The following variable(s) would be set to empty:

    CMAKE_PROJECT_VERSION
    CMAKE_PROJECT_VERSION_MAJOR
    CMAKE_PROJECT_VERSION_MINOR
    CMAKE_PROJECT_VERSION_PATCH
This warning is for project developers.  Use -Wno-dev to suppress it.

[31m[1mCMake Error[0m at /workspace/svo_ws/devel/share/catkin_simple/cmake/catkin_simple-extras.cmake:38 (find_package):
  By not providing "Findcatkin_boost_python_buildtool.cmake" in
  CMAKE_MODULE_PATH this project has asked CMake to find a package
  configuration file provided by "catkin_boost_python_buildtool", but CMake
  did not find one.

  Could not find a package configuration file provided by
  "catkin_boost_python_buildtool" with any of the following names:

    catkin_boost_python_buildtoolConfig.cmake
    catkin_boost_python_buildtool-config.cmake

  Add the installation prefix of "catkin_boost_python_buildtool" to
  CMAKE_PREFIX_PATH or set "catkin_boost_python_buildtool_DIR" to a directory
  containing one of the above files.  If "catkin_boost_python_buildtool"
  provides a separate development package or SDK, be sure it has been
  installed.
[36mCall Stack (most recent call first):[0m
  CMakeLists.txt:5 (catkin_simple)


