In file included from [01m[K/workspace/svo_ws/src/numpy_eigen/include/numpy_eigen/NumpyEigenConverter.hpp:30[m[K,
                 from [01m[K/workspace/svo_ws/src/numpy_eigen/src/autogen_module/numpy_eigen_export_module.cpp:2[m[K:
[01m[K/workspace/svo_ws/src/numpy_eigen/include/numpy_eigen/type_traits.hpp:[m[K In static member function ‘[01m[Kstatic bool TypeToNumPy<unsigned char>::canConvert(int)[m[K’:
[01m[K/workspace/svo_ws/src/numpy_eigen/include/numpy_eigen/type_traits.hpp:63:61:[m[K [01;35m[Kwarning: [m[K‘[01m[KNPY_CHAR[m[K’ is deprecated: Use NPY_STRING [[01;35m[K-Wdeprecated-declarations[m[K]
   63 |     return type == NPY_UBYTE || type == NPY_BYTE || type == [01;35m[KNPY_CHAR[m[K;
      |                                                             [01;35m[K^~~~~~~~[m[K
In file included from [01m[K/usr/include/python3.8/numpy/ndarrayobject.h:12[m[K,
                 from [01m[K/usr/include/python3.8/numpy/arrayobject.h:4[m[K,
                 from [01m[K/workspace/svo_ws/src/numpy_eigen/include/numpy_eigen/NumpyEigenConverter.hpp:28[m[K,
                 from [01m[K/workspace/svo_ws/src/numpy_eigen/src/autogen_module/numpy_eigen_export_module.cpp:2[m[K:
[01m[K/usr/include/python3.8/numpy/ndarraytypes.h:84:21:[m[K [01;36m[Knote: [m[Kdeclared here
   84 |                     [01;36m[KNPY_CHAR[m[K NPY_ATTR_DEPRECATE("Use NPY_STRING"),
      |                     [01;36m[K^~~~~~~~[m[K
In file included from [01m[K/workspace/svo_ws/src/numpy_eigen/include/numpy_eigen/NumpyEigenConverter.hpp:30[m[K,
                 from [01m[K/workspace/svo_ws/src/numpy_eigen/src/autogen_module/numpy_eigen_export_module.cpp:2[m[K:
[01m[K/workspace/svo_ws/src/numpy_eigen/include/numpy_eigen/type_traits.hpp:[m[K In static member function ‘[01m[Kstatic bool TypeToNumPy<char>::canConvert(int)[m[K’:
[01m[K/workspace/svo_ws/src/numpy_eigen/include/numpy_eigen/type_traits.hpp:74:61:[m[K [01;35m[Kwarning: [m[K‘[01m[KNPY_CHAR[m[K’ is deprecated: Use NPY_STRING [[01;35m[K-Wdeprecated-declarations[m[K]
   74 |     return type == NPY_UBYTE || type == NPY_BYTE || type == [01;35m[KNPY_CHAR[m[K;
      |                                                             [01;35m[K^~~~~~~~[m[K
In file included from [01m[K/usr/include/python3.8/numpy/ndarrayobject.h:12[m[K,
                 from [01m[K/usr/include/python3.8/numpy/arrayobject.h:4[m[K,
                 from [01m[K/workspace/svo_ws/src/numpy_eigen/include/numpy_eigen/NumpyEigenConverter.hpp:28[m[K,
                 from [01m[K/workspace/svo_ws/src/numpy_eigen/src/autogen_module/numpy_eigen_export_module.cpp:2[m[K:
[01m[K/usr/include/python3.8/numpy/ndarraytypes.h:84:21:[m[K [01;36m[Knote: [m[Kdeclared here
   84 |                     [01;36m[KNPY_CHAR[m[K NPY_ATTR_DEPRECATE("Use NPY_STRING"),
      |                     [01;36m[K^~~~~~~~[m[K
In file included from [01m[K/workspace/svo_ws/src/numpy_eigen/include/numpy_eigen/NumpyEigenConverter.hpp:30[m[K,
                 from [01m[K/workspace/svo_ws/src/numpy_eigen/src/autogen_module/numpy_eigen_export_module.cpp:2[m[K:
[01m[K/workspace/svo_ws/src/numpy_eigen/include/numpy_eigen/type_traits.hpp:[m[K In function ‘[01m[Kconst char* npyTypeToString(int)[m[K’:
[01m[K/workspace/svo_ws/src/numpy_eigen/include/numpy_eigen/type_traits.hpp:166:10:[m[K [01;35m[Kwarning: [m[K‘[01m[KNPY_CHAR[m[K’ is deprecated: Use NPY_STRING [[01;35m[K-Wdeprecated-declarations[m[K]
  166 |     case [01;35m[KNPY_CHAR[m[K:
      |          [01;35m[K^~~~~~~~[m[K
In file included from [01m[K/usr/include/python3.8/numpy/ndarrayobject.h:12[m[K,
                 from [01m[K/usr/include/python3.8/numpy/arrayobject.h:4[m[K,
                 from [01m[K/workspace/svo_ws/src/numpy_eigen/include/numpy_eigen/NumpyEigenConverter.hpp:28[m[K,
                 from [01m[K/workspace/svo_ws/src/numpy_eigen/src/autogen_module/numpy_eigen_export_module.cpp:2[m[K:
[01m[K/usr/include/python3.8/numpy/ndarraytypes.h:84:21:[m[K [01;36m[Knote: [m[Kdeclared here
   84 |                     [01;36m[KNPY_CHAR[m[K NPY_ATTR_DEPRECATE("Use NPY_STRING"),
      |                     [01;36m[K^~~~~~~~[m[K
In file included from [01m[K/workspace/svo_ws/src/numpy_eigen/include/numpy_eigen/NumpyEigenConverter.hpp:30[m[K,
                 from [01m[K/workspace/svo_ws/src/numpy_eigen/src/autogen_module/import_int.cpp:4[m[K:
[01m[K/workspace/svo_ws/src/numpy_eigen/include/numpy_eigen/type_traits.hpp:[m[K In static member function ‘[01m[Kstatic bool TypeToNumPy<unsigned char>::canConvert(int)[m[K’:
[01m[K/workspace/svo_ws/src/numpy_eigen/include/numpy_eigen/type_traits.hpp:63:61:[m[K [01;35m[Kwarning: [m[K‘[01m[KNPY_CHAR[m[K’ is deprecated: Use NPY_STRING [[01;35m[K-Wdeprecated-declarations[m[K]
   63 |     return type == NPY_UBYTE || type == NPY_BYTE || type == [01;35m[KNPY_CHAR[m[K;
      |                                                             [01;35m[K^~~~~~~~[m[K
In file included from [01m[K/usr/include/python3.8/numpy/ndarrayobject.h:12[m[K,
                 from [01m[K/usr/include/python3.8/numpy/arrayobject.h:4[m[K,
                 from [01m[K/workspace/svo_ws/src/numpy_eigen/include/numpy_eigen/NumpyEigenConverter.hpp:28[m[K,
                 from [01m[K/workspace/svo_ws/src/numpy_eigen/src/autogen_module/import_int.cpp:4[m[K:
[01m[K/usr/include/python3.8/numpy/ndarraytypes.h:84:21:[m[K [01;36m[Knote: [m[Kdeclared here
   84 |                     [01;36m[KNPY_CHAR[m[K NPY_ATTR_DEPRECATE("Use NPY_STRING"),
      |                     [01;36m[K^~~~~~~~[m[K
In file included from [01m[K/workspace/svo_ws/src/numpy_eigen/include/numpy_eigen/NumpyEigenConverter.hpp:30[m[K,
                 from [01m[K/workspace/svo_ws/src/numpy_eigen/src/autogen_module/import_int.cpp:4[m[K:
[01m[K/workspace/svo_ws/src/numpy_eigen/include/numpy_eigen/type_traits.hpp:[m[K In static member function ‘[01m[Kstatic bool TypeToNumPy<char>::canConvert(int)[m[K’:
[01m[K/workspace/svo_ws/src/numpy_eigen/include/numpy_eigen/type_traits.hpp:74:61:[m[K [01;35m[Kwarning: [m[K‘[01m[KNPY_CHAR[m[K’ is deprecated: Use NPY_STRING [[01;35m[K-Wdeprecated-declarations[m[K]
   74 |     return type == NPY_UBYTE || type == NPY_BYTE || type == [01;35m[KNPY_CHAR[m[K;
      |                                                             [01;35m[K^~~~~~~~[m[K
In file included from [01m[K/usr/include/python3.8/numpy/ndarrayobject.h:12[m[K,
                 from [01m[K/usr/include/python3.8/numpy/arrayobject.h:4[m[K,
                 from [01m[K/workspace/svo_ws/src/numpy_eigen/include/numpy_eigen/NumpyEigenConverter.hpp:28[m[K,
                 from [01m[K/workspace/svo_ws/src/numpy_eigen/src/autogen_module/import_int.cpp:4[m[K:
[01m[K/usr/include/python3.8/numpy/ndarraytypes.h:84:21:[m[K [01;36m[Knote: [m[Kdeclared here
   84 |                     [01;36m[KNPY_CHAR[m[K NPY_ATTR_DEPRECATE("Use NPY_STRING"),
      |                     [01;36m[K^~~~~~~~[m[K
In file included from [01m[K/workspace/svo_ws/src/numpy_eigen/include/numpy_eigen/NumpyEigenConverter.hpp:30[m[K,
                 from [01m[K/workspace/svo_ws/src/numpy_eigen/src/autogen_module/import_int.cpp:4[m[K:
[01m[K/workspace/svo_ws/src/numpy_eigen/include/numpy_eigen/type_traits.hpp:[m[K In function ‘[01m[Kconst char* npyTypeToString(int)[m[K’:
[01m[K/workspace/svo_ws/src/numpy_eigen/include/numpy_eigen/type_traits.hpp:166:10:[m[K [01;35m[Kwarning: [m[K‘[01m[KNPY_CHAR[m[K’ is deprecated: Use NPY_STRING [[01;35m[K-Wdeprecated-declarations[m[K]
  166 |     case [01;35m[KNPY_CHAR[m[K:
      |          [01;35m[K^~~~~~~~[m[K
In file included from [01m[K/usr/include/python3.8/numpy/ndarrayobject.h:12[m[K,
                 from [01m[K/usr/include/python3.8/numpy/arrayobject.h:4[m[K,
                 from [01m[K/workspace/svo_ws/src/numpy_eigen/include/numpy_eigen/NumpyEigenConverter.hpp:28[m[K,
                 from [01m[K/workspace/svo_ws/src/numpy_eigen/src/autogen_module/import_int.cpp:4[m[K:
[01m[K/usr/include/python3.8/numpy/ndarraytypes.h:84:21:[m[K [01;36m[Knote: [m[Kdeclared here
   84 |                     [01;36m[KNPY_CHAR[m[K NPY_ATTR_DEPRECATE("Use NPY_STRING"),
      |                     [01;36m[K^~~~~~~~[m[K
In file included from [01m[K/workspace/svo_ws/src/numpy_eigen/include/numpy_eigen/NumpyEigenConverter.hpp:30[m[K,
                 from [01m[K/workspace/svo_ws/src/numpy_eigen/src/autogen_module/import_float.cpp:4[m[K:
[01m[K/workspace/svo_ws/src/numpy_eigen/include/numpy_eigen/type_traits.hpp:[m[K In static member function ‘[01m[Kstatic bool TypeToNumPy<unsigned char>::canConvert(int)[m[K’:
[01m[K/workspace/svo_ws/src/numpy_eigen/include/numpy_eigen/type_traits.hpp:63:61:[m[K [01;35m[Kwarning: [m[K‘[01m[KNPY_CHAR[m[K’ is deprecated: Use NPY_STRING [[01;35m[K-Wdeprecated-declarations[m[K]
   63 |     return type == NPY_UBYTE || type == NPY_BYTE || type == [01;35m[KNPY_CHAR[m[K;
      |                                                             [01;35m[K^~~~~~~~[m[K
In file included from [01m[K/usr/include/python3.8/numpy/ndarrayobject.h:12[m[K,
                 from [01m[K/usr/include/python3.8/numpy/arrayobject.h:4[m[K,
                 from [01m[K/workspace/svo_ws/src/numpy_eigen/include/numpy_eigen/NumpyEigenConverter.hpp:28[m[K,
                 from [01m[K/workspace/svo_ws/src/numpy_eigen/src/autogen_module/import_float.cpp:4[m[K:
[01m[K/usr/include/python3.8/numpy/ndarraytypes.h:84:21:[m[K [01;36m[Knote: [m[Kdeclared here
   84 |                     [01;36m[KNPY_CHAR[m[K NPY_ATTR_DEPRECATE("Use NPY_STRING"),
      |                     [01;36m[K^~~~~~~~[m[K
In file included from [01m[K/workspace/svo_ws/src/numpy_eigen/include/numpy_eigen/NumpyEigenConverter.hpp:30[m[K,
                 from [01m[K/workspace/svo_ws/src/numpy_eigen/src/autogen_module/import_float.cpp:4[m[K:
[01m[K/workspace/svo_ws/src/numpy_eigen/include/numpy_eigen/type_traits.hpp:[m[K In static member function ‘[01m[Kstatic bool TypeToNumPy<char>::canConvert(int)[m[K’:
[01m[K/workspace/svo_ws/src/numpy_eigen/include/numpy_eigen/type_traits.hpp:74:61:[m[K [01;35m[Kwarning: [m[K‘[01m[KNPY_CHAR[m[K’ is deprecated: Use NPY_STRING [[01;35m[K-Wdeprecated-declarations[m[K]
   74 |     return type == NPY_UBYTE || type == NPY_BYTE || type == [01;35m[KNPY_CHAR[m[K;
      |                                                             [01;35m[K^~~~~~~~[m[K
In file included from [01m[K/usr/include/python3.8/numpy/ndarrayobject.h:12[m[K,
                 from [01m[K/usr/include/python3.8/numpy/arrayobject.h:4[m[K,
                 from [01m[K/workspace/svo_ws/src/numpy_eigen/include/numpy_eigen/NumpyEigenConverter.hpp:28[m[K,
                 from [01m[K/workspace/svo_ws/src/numpy_eigen/src/autogen_module/import_float.cpp:4[m[K:
[01m[K/usr/include/python3.8/numpy/ndarraytypes.h:84:21:[m[K [01;36m[Knote: [m[Kdeclared here
   84 |                     [01;36m[KNPY_CHAR[m[K NPY_ATTR_DEPRECATE("Use NPY_STRING"),
      |                     [01;36m[K^~~~~~~~[m[K
In file included from [01m[K/workspace/svo_ws/src/numpy_eigen/include/numpy_eigen/NumpyEigenConverter.hpp:30[m[K,
                 from [01m[K/workspace/svo_ws/src/numpy_eigen/src/autogen_module/import_float.cpp:4[m[K:
[01m[K/workspace/svo_ws/src/numpy_eigen/include/numpy_eigen/type_traits.hpp:[m[K In function ‘[01m[Kconst char* npyTypeToString(int)[m[K’:
[01m[K/workspace/svo_ws/src/numpy_eigen/include/numpy_eigen/type_traits.hpp:166:10:[m[K [01;35m[Kwarning: [m[K‘[01m[KNPY_CHAR[m[K’ is deprecated: Use NPY_STRING [[01;35m[K-Wdeprecated-declarations[m[K]
  166 |     case [01;35m[KNPY_CHAR[m[K:
      |          [01;35m[K^~~~~~~~[m[K
In file included from [01m[K/usr/include/python3.8/numpy/ndarrayobject.h:12[m[K,
                 from [01m[K/usr/include/python3.8/numpy/arrayobject.h:4[m[K,
                 from [01m[K/workspace/svo_ws/src/numpy_eigen/include/numpy_eigen/NumpyEigenConverter.hpp:28[m[K,
                 from [01m[K/workspace/svo_ws/src/numpy_eigen/src/autogen_module/import_float.cpp:4[m[K:
[01m[K/usr/include/python3.8/numpy/ndarraytypes.h:84:21:[m[K [01;36m[Knote: [m[Kdeclared here
   84 |                     [01;36m[KNPY_CHAR[m[K NPY_ATTR_DEPRECATE("Use NPY_STRING"),
      |                     [01;36m[K^~~~~~~~[m[K
In file included from [01m[K/workspace/svo_ws/src/numpy_eigen/include/numpy_eigen/NumpyEigenConverter.hpp:30[m[K,
                 from [01m[K/workspace/svo_ws/src/numpy_eigen/src/autogen_module/import_double.cpp:4[m[K:
[01m[K/workspace/svo_ws/src/numpy_eigen/include/numpy_eigen/type_traits.hpp:[m[K In static member function ‘[01m[Kstatic bool TypeToNumPy<unsigned char>::canConvert(int)[m[K’:
[01m[K/workspace/svo_ws/src/numpy_eigen/include/numpy_eigen/type_traits.hpp:63:61:[m[K [01;35m[Kwarning: [m[K‘[01m[KNPY_CHAR[m[K’ is deprecated: Use NPY_STRING [[01;35m[K-Wdeprecated-declarations[m[K]
   63 |     return type == NPY_UBYTE || type == NPY_BYTE || type == [01;35m[KNPY_CHAR[m[K;
      |                                                             [01;35m[K^~~~~~~~[m[K
In file included from [01m[K/usr/include/python3.8/numpy/ndarrayobject.h:12[m[K,
                 from [01m[K/usr/include/python3.8/numpy/arrayobject.h:4[m[K,
                 from [01m[K/workspace/svo_ws/src/numpy_eigen/include/numpy_eigen/NumpyEigenConverter.hpp:28[m[K,
                 from [01m[K/workspace/svo_ws/src/numpy_eigen/src/autogen_module/import_double.cpp:4[m[K:
[01m[K/usr/include/python3.8/numpy/ndarraytypes.h:84:21:[m[K [01;36m[Knote: [m[Kdeclared here
   84 |                     [01;36m[KNPY_CHAR[m[K NPY_ATTR_DEPRECATE("Use NPY_STRING"),
      |                     [01;36m[K^~~~~~~~[m[K
In file included from [01m[K/workspace/svo_ws/src/numpy_eigen/include/numpy_eigen/NumpyEigenConverter.hpp:30[m[K,
                 from [01m[K/workspace/svo_ws/src/numpy_eigen/src/autogen_module/import_double.cpp:4[m[K:
[01m[K/workspace/svo_ws/src/numpy_eigen/include/numpy_eigen/type_traits.hpp:[m[K In static member function ‘[01m[Kstatic bool TypeToNumPy<char>::canConvert(int)[m[K’:
[01m[K/workspace/svo_ws/src/numpy_eigen/include/numpy_eigen/type_traits.hpp:74:61:[m[K [01;35m[Kwarning: [m[K‘[01m[KNPY_CHAR[m[K’ is deprecated: Use NPY_STRING [[01;35m[K-Wdeprecated-declarations[m[K]
   74 |     return type == NPY_UBYTE || type == NPY_BYTE || type == [01;35m[KNPY_CHAR[m[K;
      |                                                             [01;35m[K^~~~~~~~[m[K
In file included from [01m[K/usr/include/python3.8/numpy/ndarrayobject.h:12[m[K,
                 from [01m[K/usr/include/python3.8/numpy/arrayobject.h:4[m[K,
                 from [01m[K/workspace/svo_ws/src/numpy_eigen/include/numpy_eigen/NumpyEigenConverter.hpp:28[m[K,
                 from [01m[K/workspace/svo_ws/src/numpy_eigen/src/autogen_module/import_double.cpp:4[m[K:
[01m[K/usr/include/python3.8/numpy/ndarraytypes.h:84:21:[m[K [01;36m[Knote: [m[Kdeclared here
   84 |                     [01;36m[KNPY_CHAR[m[K NPY_ATTR_DEPRECATE("Use NPY_STRING"),
      |                     [01;36m[K^~~~~~~~[m[K
In file included from [01m[K/workspace/svo_ws/src/numpy_eigen/include/numpy_eigen/NumpyEigenConverter.hpp:30[m[K,
                 from [01m[K/workspace/svo_ws/src/numpy_eigen/src/autogen_module/import_double.cpp:4[m[K:
[01m[K/workspace/svo_ws/src/numpy_eigen/include/numpy_eigen/type_traits.hpp:[m[K In function ‘[01m[Kconst char* npyTypeToString(int)[m[K’:
[01m[K/workspace/svo_ws/src/numpy_eigen/include/numpy_eigen/type_traits.hpp:166:10:[m[K [01;35m[Kwarning: [m[K‘[01m[KNPY_CHAR[m[K’ is deprecated: Use NPY_STRING [[01;35m[K-Wdeprecated-declarations[m[K]
  166 |     case [01;35m[KNPY_CHAR[m[K:
      |          [01;35m[K^~~~~~~~[m[K
In file included from [01m[K/usr/include/python3.8/numpy/ndarrayobject.h:12[m[K,
                 from [01m[K/usr/include/python3.8/numpy/arrayobject.h:4[m[K,
                 from [01m[K/workspace/svo_ws/src/numpy_eigen/include/numpy_eigen/NumpyEigenConverter.hpp:28[m[K,
                 from [01m[K/workspace/svo_ws/src/numpy_eigen/src/autogen_module/import_double.cpp:4[m[K:
[01m[K/usr/include/python3.8/numpy/ndarraytypes.h:84:21:[m[K [01;36m[Knote: [m[Kdeclared here
   84 |                     [01;36m[KNPY_CHAR[m[K NPY_ATTR_DEPRECATE("Use NPY_STRING"),
      |                     [01;36m[K^~~~~~~~[m[K
In file included from [01m[K/workspace/svo_ws/src/numpy_eigen/include/numpy_eigen/NumpyEigenConverter.hpp:30[m[K,
                 from [01m[K/workspace/svo_ws/src/numpy_eigen/src/autogen_module/import_uchar.cpp:4[m[K:
[01m[K/workspace/svo_ws/src/numpy_eigen/include/numpy_eigen/type_traits.hpp:[m[K In static member function ‘[01m[Kstatic bool TypeToNumPy<unsigned char>::canConvert(int)[m[K’:
[01m[K/workspace/svo_ws/src/numpy_eigen/include/numpy_eigen/type_traits.hpp:63:61:[m[K [01;35m[Kwarning: [m[K‘[01m[KNPY_CHAR[m[K’ is deprecated: Use NPY_STRING [[01;35m[K-Wdeprecated-declarations[m[K]
   63 |     return type == NPY_UBYTE || type == NPY_BYTE || type == [01;35m[KNPY_CHAR[m[K;
      |                                                             [01;35m[K^~~~~~~~[m[K
In file included from [01m[K/usr/include/python3.8/numpy/ndarrayobject.h:12[m[K,
                 from [01m[K/usr/include/python3.8/numpy/arrayobject.h:4[m[K,
                 from [01m[K/workspace/svo_ws/src/numpy_eigen/include/numpy_eigen/NumpyEigenConverter.hpp:28[m[K,
                 from [01m[K/workspace/svo_ws/src/numpy_eigen/src/autogen_module/import_uchar.cpp:4[m[K:
[01m[K/usr/include/python3.8/numpy/ndarraytypes.h:84:21:[m[K [01;36m[Knote: [m[Kdeclared here
   84 |                     [01;36m[KNPY_CHAR[m[K NPY_ATTR_DEPRECATE("Use NPY_STRING"),
      |                     [01;36m[K^~~~~~~~[m[K
In file included from [01m[K/workspace/svo_ws/src/numpy_eigen/include/numpy_eigen/NumpyEigenConverter.hpp:30[m[K,
                 from [01m[K/workspace/svo_ws/src/numpy_eigen/src/autogen_module/import_uchar.cpp:4[m[K:
[01m[K/workspace/svo_ws/src/numpy_eigen/include/numpy_eigen/type_traits.hpp:[m[K In static member function ‘[01m[Kstatic bool TypeToNumPy<char>::canConvert(int)[m[K’:
[01m[K/workspace/svo_ws/src/numpy_eigen/include/numpy_eigen/type_traits.hpp:74:61:[m[K [01;35m[Kwarning: [m[K‘[01m[KNPY_CHAR[m[K’ is deprecated: Use NPY_STRING [[01;35m[K-Wdeprecated-declarations[m[K]
   74 |     return type == NPY_UBYTE || type == NPY_BYTE || type == [01;35m[KNPY_CHAR[m[K;
      |                                                             [01;35m[K^~~~~~~~[m[K
In file included from [01m[K/usr/include/python3.8/numpy/ndarrayobject.h:12[m[K,
                 from [01m[K/usr/include/python3.8/numpy/arrayobject.h:4[m[K,
                 from [01m[K/workspace/svo_ws/src/numpy_eigen/include/numpy_eigen/NumpyEigenConverter.hpp:28[m[K,
                 from [01m[K/workspace/svo_ws/src/numpy_eigen/src/autogen_module/import_uchar.cpp:4[m[K:
[01m[K/usr/include/python3.8/numpy/ndarraytypes.h:84:21:[m[K [01;36m[Knote: [m[Kdeclared here
   84 |                     [01;36m[KNPY_CHAR[m[K NPY_ATTR_DEPRECATE("Use NPY_STRING"),
      |                     [01;36m[K^~~~~~~~[m[K
In file included from [01m[K/workspace/svo_ws/src/numpy_eigen/include/numpy_eigen/NumpyEigenConverter.hpp:30[m[K,
                 from [01m[K/workspace/svo_ws/src/numpy_eigen/src/autogen_module/import_uchar.cpp:4[m[K:
[01m[K/workspace/svo_ws/src/numpy_eigen/include/numpy_eigen/type_traits.hpp:[m[K In function ‘[01m[Kconst char* npyTypeToString(int)[m[K’:
[01m[K/workspace/svo_ws/src/numpy_eigen/include/numpy_eigen/type_traits.hpp:166:10:[m[K [01;35m[Kwarning: [m[K‘[01m[KNPY_CHAR[m[K’ is deprecated: Use NPY_STRING [[01;35m[K-Wdeprecated-declarations[m[K]
  166 |     case [01;35m[KNPY_CHAR[m[K:
      |          [01;35m[K^~~~~~~~[m[K
In file included from [01m[K/usr/include/python3.8/numpy/ndarrayobject.h:12[m[K,
                 from [01m[K/usr/include/python3.8/numpy/arrayobject.h:4[m[K,
                 from [01m[K/workspace/svo_ws/src/numpy_eigen/include/numpy_eigen/NumpyEigenConverter.hpp:28[m[K,
                 from [01m[K/workspace/svo_ws/src/numpy_eigen/src/autogen_module/import_uchar.cpp:4[m[K:
[01m[K/usr/include/python3.8/numpy/ndarraytypes.h:84:21:[m[K [01;36m[Knote: [m[Kdeclared here
   84 |                     [01;36m[KNPY_CHAR[m[K NPY_ATTR_DEPRECATE("Use NPY_STRING"),
      |                     [01;36m[K^~~~~~~~[m[K
In file included from [01m[K/workspace/svo_ws/src/numpy_eigen/include/numpy_eigen/NumpyEigenConverter.hpp:30[m[K,
                 from [01m[K/workspace/svo_ws/src/numpy_eigen/src/autogen_module/import_long.cpp:4[m[K:
[01m[K/workspace/svo_ws/src/numpy_eigen/include/numpy_eigen/type_traits.hpp:[m[K In static member function ‘[01m[Kstatic bool TypeToNumPy<unsigned char>::canConvert(int)[m[K’:
[01m[K/workspace/svo_ws/src/numpy_eigen/include/numpy_eigen/type_traits.hpp:63:61:[m[K [01;35m[Kwarning: [m[K‘[01m[KNPY_CHAR[m[K’ is deprecated: Use NPY_STRING [[01;35m[K-Wdeprecated-declarations[m[K]
   63 |     return type == NPY_UBYTE || type == NPY_BYTE || type == [01;35m[KNPY_CHAR[m[K;
      |                                                             [01;35m[K^~~~~~~~[m[K
In file included from [01m[K/usr/include/python3.8/numpy/ndarrayobject.h:12[m[K,
                 from [01m[K/usr/include/python3.8/numpy/arrayobject.h:4[m[K,
                 from [01m[K/workspace/svo_ws/src/numpy_eigen/include/numpy_eigen/NumpyEigenConverter.hpp:28[m[K,
                 from [01m[K/workspace/svo_ws/src/numpy_eigen/src/autogen_module/import_long.cpp:4[m[K:
[01m[K/usr/include/python3.8/numpy/ndarraytypes.h:84:21:[m[K [01;36m[Knote: [m[Kdeclared here
   84 |                     [01;36m[KNPY_CHAR[m[K NPY_ATTR_DEPRECATE("Use NPY_STRING"),
      |                     [01;36m[K^~~~~~~~[m[K
In file included from [01m[K/workspace/svo_ws/src/numpy_eigen/include/numpy_eigen/NumpyEigenConverter.hpp:30[m[K,
                 from [01m[K/workspace/svo_ws/src/numpy_eigen/src/autogen_module/import_long.cpp:4[m[K:
[01m[K/workspace/svo_ws/src/numpy_eigen/include/numpy_eigen/type_traits.hpp:[m[K In static member function ‘[01m[Kstatic bool TypeToNumPy<char>::canConvert(int)[m[K’:
[01m[K/workspace/svo_ws/src/numpy_eigen/include/numpy_eigen/type_traits.hpp:74:61:[m[K [01;35m[Kwarning: [m[K‘[01m[KNPY_CHAR[m[K’ is deprecated: Use NPY_STRING [[01;35m[K-Wdeprecated-declarations[m[K]
   74 |     return type == NPY_UBYTE || type == NPY_BYTE || type == [01;35m[KNPY_CHAR[m[K;
      |                                                             [01;35m[K^~~~~~~~[m[K
In file included from [01m[K/usr/include/python3.8/numpy/ndarrayobject.h:12[m[K,
                 from [01m[K/usr/include/python3.8/numpy/arrayobject.h:4[m[K,
                 from [01m[K/workspace/svo_ws/src/numpy_eigen/include/numpy_eigen/NumpyEigenConverter.hpp:28[m[K,
                 from [01m[K/workspace/svo_ws/src/numpy_eigen/src/autogen_module/import_long.cpp:4[m[K:
[01m[K/usr/include/python3.8/numpy/ndarraytypes.h:84:21:[m[K [01;36m[Knote: [m[Kdeclared here
   84 |                     [01;36m[KNPY_CHAR[m[K NPY_ATTR_DEPRECATE("Use NPY_STRING"),
      |                     [01;36m[K^~~~~~~~[m[K
In file included from [01m[K/workspace/svo_ws/src/numpy_eigen/include/numpy_eigen/NumpyEigenConverter.hpp:30[m[K,
                 from [01m[K/workspace/svo_ws/src/numpy_eigen/src/autogen_module/import_long.cpp:4[m[K:
[01m[K/workspace/svo_ws/src/numpy_eigen/include/numpy_eigen/type_traits.hpp:[m[K In function ‘[01m[Kconst char* npyTypeToString(int)[m[K’:
[01m[K/workspace/svo_ws/src/numpy_eigen/include/numpy_eigen/type_traits.hpp:166:10:[m[K [01;35m[Kwarning: [m[K‘[01m[KNPY_CHAR[m[K’ is deprecated: Use NPY_STRING [[01;35m[K-Wdeprecated-declarations[m[K]
  166 |     case [01;35m[KNPY_CHAR[m[K:
      |          [01;35m[K^~~~~~~~[m[K
In file included from [01m[K/usr/include/python3.8/numpy/ndarrayobject.h:12[m[K,
                 from [01m[K/usr/include/python3.8/numpy/arrayobject.h:4[m[K,
                 from [01m[K/workspace/svo_ws/src/numpy_eigen/include/numpy_eigen/NumpyEigenConverter.hpp:28[m[K,
                 from [01m[K/workspace/svo_ws/src/numpy_eigen/src/autogen_module/import_long.cpp:4[m[K:
[01m[K/usr/include/python3.8/numpy/ndarraytypes.h:84:21:[m[K [01;36m[Knote: [m[Kdeclared here
   84 |                     [01;36m[KNPY_CHAR[m[K NPY_ATTR_DEPRECATE("Use NPY_STRING"),
      |                     [01;36m[K^~~~~~~~[m[K
