Performing C SOURCE FILE Test CMAKE_HAVE_LIBC_PTHREAD failed with the following output:
Change Dir: /workspace/svo_ws/build/vikit_ros/CMakeFiles/CMakeTmp

Run Build Command(s):/usr/bin/make cmTC_03a45/fast && /usr/bin/make -f CMakeFiles/cmTC_03a45.dir/build.make CMakeFiles/cmTC_03a45.dir/build
make[1]: Entering directory '/workspace/svo_ws/build/vikit_ros/CMakeFiles/CMakeTmp'
Building C object CMakeFiles/cmTC_03a45.dir/src.c.o
/usr/bin/cc   -DCMAKE_HAVE_LIBC_PTHREAD   -o CMakeFiles/cmTC_03a45.dir/src.c.o   -c /workspace/svo_ws/build/vikit_ros/CMakeFiles/CMakeTmp/src.c
Linking C executable cmTC_03a45
/usr/bin/cmake -E cmake_link_script CMakeFiles/cmTC_03a45.dir/link.txt --verbose=1
/usr/bin/cc  -DCMAKE_HAVE_LIBC_PTHREAD    -rdynamic CMakeFiles/cmTC_03a45.dir/src.c.o  -o cmTC_03a45 
/usr/bin/ld: CMakeFiles/cmTC_03a45.dir/src.c.o: in function `main':
src.c:(.text+0x46): undefined reference to `pthread_create'
/usr/bin/ld: src.c:(.text+0x52): undefined reference to `pthread_detach'
/usr/bin/ld: src.c:(.text+0x63): undefined reference to `pthread_join'
collect2: error: ld returned 1 exit status
make[1]: *** [CMakeFiles/cmTC_03a45.dir/build.make:87: cmTC_03a45] Error 1
make[1]: Leaving directory '/workspace/svo_ws/build/vikit_ros/CMakeFiles/CMakeTmp'
make: *** [Makefile:121: cmTC_03a45/fast] Error 2


Source file was:
#include <pthread.h>

void* test_func(void* data)
{
  return data;
}

int main(void)
{
  pthread_t thread;
  pthread_create(&thread, NULL, test_func, NULL);
  pthread_detach(thread);
  pthread_join(thread, NULL);
  pthread_atfork(NULL, NULL, NULL);
  pthread_exit(NULL);

  return 0;
}

Determining if the function pthread_create exists in the pthreads failed with the following output:
Change Dir: /workspace/svo_ws/build/vikit_ros/CMakeFiles/CMakeTmp

Run Build Command(s):/usr/bin/make cmTC_95839/fast && /usr/bin/make -f CMakeFiles/cmTC_95839.dir/build.make CMakeFiles/cmTC_95839.dir/build
make[1]: Entering directory '/workspace/svo_ws/build/vikit_ros/CMakeFiles/CMakeTmp'
Building C object CMakeFiles/cmTC_95839.dir/CheckFunctionExists.c.o
/usr/bin/cc   -DCHECK_FUNCTION_EXISTS=pthread_create   -o CMakeFiles/cmTC_95839.dir/CheckFunctionExists.c.o   -c /usr/share/cmake-3.16/Modules/CheckFunctionExists.c
Linking C executable cmTC_95839
/usr/bin/cmake -E cmake_link_script CMakeFiles/cmTC_95839.dir/link.txt --verbose=1
/usr/bin/cc  -DCHECK_FUNCTION_EXISTS=pthread_create    -rdynamic CMakeFiles/cmTC_95839.dir/CheckFunctionExists.c.o  -o cmTC_95839  -lpthreads 
/usr/bin/ld: cannot find -lpthreads
collect2: error: ld returned 1 exit status
make[1]: *** [CMakeFiles/cmTC_95839.dir/build.make:87: cmTC_95839] Error 1
make[1]: Leaving directory '/workspace/svo_ws/build/vikit_ros/CMakeFiles/CMakeTmp'
make: *** [Makefile:121: cmTC_95839/fast] Error 2



Performing C SOURCE FILE Test CMAKE_HAVE_LIBC_PTHREAD failed with the following output:
Change Dir: /workspace/svo_ws/build/vikit_ros/CMakeFiles/CMakeTmp

Run Build Command(s):/usr/bin/make cmTC_ae311/fast && /usr/bin/make -f CMakeFiles/cmTC_ae311.dir/build.make CMakeFiles/cmTC_ae311.dir/build
make[1]: Entering directory '/workspace/svo_ws/build/vikit_ros/CMakeFiles/CMakeTmp'
Building C object CMakeFiles/cmTC_ae311.dir/src.c.o
/usr/bin/cc   -DCMAKE_HAVE_LIBC_PTHREAD   -o CMakeFiles/cmTC_ae311.dir/src.c.o   -c /workspace/svo_ws/build/vikit_ros/CMakeFiles/CMakeTmp/src.c
Linking C executable cmTC_ae311
/usr/bin/cmake -E cmake_link_script CMakeFiles/cmTC_ae311.dir/link.txt --verbose=1
/usr/bin/cc  -DCMAKE_HAVE_LIBC_PTHREAD    -rdynamic CMakeFiles/cmTC_ae311.dir/src.c.o  -o cmTC_ae311 
/usr/bin/ld: CMakeFiles/cmTC_ae311.dir/src.c.o: in function `main':
src.c:(.text+0x46): undefined reference to `pthread_create'
/usr/bin/ld: src.c:(.text+0x52): undefined reference to `pthread_detach'
/usr/bin/ld: src.c:(.text+0x63): undefined reference to `pthread_join'
collect2: error: ld returned 1 exit status
make[1]: *** [CMakeFiles/cmTC_ae311.dir/build.make:87: cmTC_ae311] Error 1
make[1]: Leaving directory '/workspace/svo_ws/build/vikit_ros/CMakeFiles/CMakeTmp'
make: *** [Makefile:121: cmTC_ae311/fast] Error 2


Source file was:
#include <pthread.h>

void* test_func(void* data)
{
  return data;
}

int main(void)
{
  pthread_t thread;
  pthread_create(&thread, NULL, test_func, NULL);
  pthread_detach(thread);
  pthread_join(thread, NULL);
  pthread_atfork(NULL, NULL, NULL);
  pthread_exit(NULL);

  return 0;
}

Determining if the function pthread_create exists in the pthreads failed with the following output:
Change Dir: /workspace/svo_ws/build/vikit_ros/CMakeFiles/CMakeTmp

Run Build Command(s):/usr/bin/make cmTC_85830/fast && /usr/bin/make -f CMakeFiles/cmTC_85830.dir/build.make CMakeFiles/cmTC_85830.dir/build
make[1]: Entering directory '/workspace/svo_ws/build/vikit_ros/CMakeFiles/CMakeTmp'
Building C object CMakeFiles/cmTC_85830.dir/CheckFunctionExists.c.o
/usr/bin/cc   -DCHECK_FUNCTION_EXISTS=pthread_create   -o CMakeFiles/cmTC_85830.dir/CheckFunctionExists.c.o   -c /usr/share/cmake-3.16/Modules/CheckFunctionExists.c
Linking C executable cmTC_85830
/usr/bin/cmake -E cmake_link_script CMakeFiles/cmTC_85830.dir/link.txt --verbose=1
/usr/bin/cc  -DCHECK_FUNCTION_EXISTS=pthread_create    -rdynamic CMakeFiles/cmTC_85830.dir/CheckFunctionExists.c.o  -o cmTC_85830  -lpthreads 
/usr/bin/ld: cannot find -lpthreads
collect2: error: ld returned 1 exit status
make[1]: *** [CMakeFiles/cmTC_85830.dir/build.make:87: cmTC_85830] Error 1
make[1]: Leaving directory '/workspace/svo_ws/build/vikit_ros/CMakeFiles/CMakeTmp'
make: *** [Makefile:121: cmTC_85830/fast] Error 2



