==92627== Memcheck, a memory error detector
==92627== Copyright (C) 2002-2022, and GNU GPL'd, by Julian Seward et al.
==92627== Using Valgrind-3.22.0 and LibVEX; rerun with -h for copyright info
==92627== Command: /workspace/rpg_svo/svo/bin/test_pipeline_kitty /workspace/kitti/dataset/sequences/00 0 100
==92627== Parent PID: 1
==92627== 
==92627== Invalid read of size 16
==92627==    at 0x4CB7A2E: vk::halfSample(cv::Mat const&, cv::Mat&) (in /workspace/rpg_vikit/vikit_common/lib/libvikit_common.so)
==92627==    by 0x4888055: svo::frame_utils::createImgPyramid(cv::Mat const&, int, std::vector<cv::Mat, std::allocator<cv::Mat> >&) (in /workspace/rpg_svo/svo/lib/libsvo.so)
==92627==    by 0x48883AC: svo::Frame::Frame(vk::AbstractCamera*, cv::Mat const&, double) (in /workspace/rpg_svo/svo/lib/libsvo.so)
==92627==    by 0x487852F: svo::FrameHandlerMono::addImage(cv::Mat const&, double) (in /workspace/rpg_svo/svo/lib/libsvo.so)
==92627==    by 0x111761: svo::BenchmarkNodeKITTI::runFromFolder(std::__cxx11::basic_string<char, std::char_traits<char>, std::allocator<char> > const&, std::__cxx11::basic_string<char, std::char_traits<char>, std::allocator<char> > const&, int, int) (in /workspace/rpg_svo/svo/bin/test_pipeline_kitty)
==92627==    by 0x110C23: main (in /workspace/rpg_svo/svo/bin/test_pipeline_kitty)
==92627==  Address 0x12806a1e is 7,342 bytes inside a block of size 7,357 alloc'd
==92627==    at 0x4846828: malloc (in /usr/libexec/valgrind/vgpreload_memcheck-amd64-linux.so)
==92627==    by 0x49A9628: cv::fastMalloc(unsigned long) (in /usr/lib/x86_64-linux-gnu/libopencv_core.so.4.6.0)
==92627==    by 0x4A7851B: ??? (in /usr/lib/x86_64-linux-gnu/libopencv_core.so.4.6.0)
==92627==    by 0x4A6E636: cv::Mat::create(int, int const*, int) (in /usr/lib/x86_64-linux-gnu/libopencv_core.so.4.6.0)
==92627==    by 0x4A6E98F: cv::Mat::create(int, int, int) (in /usr/lib/x86_64-linux-gnu/libopencv_core.so.4.6.0)
==92627==    by 0x4887FDF: svo::frame_utils::createImgPyramid(cv::Mat const&, int, std::vector<cv::Mat, std::allocator<cv::Mat> >&) (in /workspace/rpg_svo/svo/lib/libsvo.so)
==92627==    by 0x48883AC: svo::Frame::Frame(vk::AbstractCamera*, cv::Mat const&, double) (in /workspace/rpg_svo/svo/lib/libsvo.so)
==92627==    by 0x487852F: svo::FrameHandlerMono::addImage(cv::Mat const&, double) (in /workspace/rpg_svo/svo/lib/libsvo.so)
==92627==    by 0x111761: svo::BenchmarkNodeKITTI::runFromFolder(std::__cxx11::basic_string<char, std::char_traits<char>, std::allocator<char> > const&, std::__cxx11::basic_string<char, std::char_traits<char>, std::allocator<char> > const&, int, int) (in /workspace/rpg_svo/svo/bin/test_pipeline_kitty)
==92627==    by 0x110C23: main (in /workspace/rpg_svo/svo/bin/test_pipeline_kitty)
==92627== 
==92627== Invalid read of size 16
==92627==    at 0x4CB7A34: vk::halfSample(cv::Mat const&, cv::Mat&) (in /workspace/rpg_vikit/vikit_common/lib/libvikit_common.so)
==92627==    by 0x4888055: svo::frame_utils::createImgPyramid(cv::Mat const&, int, std::vector<cv::Mat, std::allocator<cv::Mat> >&) (in /workspace/rpg_svo/svo/lib/libsvo.so)
==92627==    by 0x48883AC: svo::Frame::Frame(vk::AbstractCamera*, cv::Mat const&, double) (in /workspace/rpg_svo/svo/lib/libsvo.so)
==92627==    by 0x487852F: svo::FrameHandlerMono::addImage(cv::Mat const&, double) (in /workspace/rpg_svo/svo/lib/libsvo.so)
==92627==    by 0x111761: svo::BenchmarkNodeKITTI::runFromFolder(std::__cxx11::basic_string<char, std::char_traits<char>, std::allocator<char> > const&, std::__cxx11::basic_string<char, std::char_traits<char>, std::allocator<char> > const&, int, int) (in /workspace/rpg_svo/svo/bin/test_pipeline_kitty)
==92627==    by 0x110C23: main (in /workspace/rpg_svo/svo/bin/test_pipeline_kitty)
==92627==  Address 0x12806a2e is 1 bytes after a block of size 7,357 alloc'd
==92627==    at 0x4846828: malloc (in /usr/libexec/valgrind/vgpreload_memcheck-amd64-linux.so)
==92627==    by 0x49A9628: cv::fastMalloc(unsigned long) (in /usr/lib/x86_64-linux-gnu/libopencv_core.so.4.6.0)
==92627==    by 0x4A7851B: ??? (in /usr/lib/x86_64-linux-gnu/libopencv_core.so.4.6.0)
==92627==    by 0x4A6E636: cv::Mat::create(int, int const*, int) (in /usr/lib/x86_64-linux-gnu/libopencv_core.so.4.6.0)
==92627==    by 0x4A6E98F: cv::Mat::create(int, int, int) (in /usr/lib/x86_64-linux-gnu/libopencv_core.so.4.6.0)
==92627==    by 0x4887FDF: svo::frame_utils::createImgPyramid(cv::Mat const&, int, std::vector<cv::Mat, std::allocator<cv::Mat> >&) (in /workspace/rpg_svo/svo/lib/libsvo.so)
==92627==    by 0x48883AC: svo::Frame::Frame(vk::AbstractCamera*, cv::Mat const&, double) (in /workspace/rpg_svo/svo/lib/libsvo.so)
==92627==    by 0x487852F: svo::FrameHandlerMono::addImage(cv::Mat const&, double) (in /workspace/rpg_svo/svo/lib/libsvo.so)
==92627==    by 0x111761: svo::BenchmarkNodeKITTI::runFromFolder(std::__cxx11::basic_string<char, std::char_traits<char>, std::allocator<char> > const&, std::__cxx11::basic_string<char, std::char_traits<char>, std::allocator<char> > const&, int, int) (in /workspace/rpg_svo/svo/bin/test_pipeline_kitty)
==92627==    by 0x110C23: main (in /workspace/rpg_svo/svo/bin/test_pipeline_kitty)
==92627== 
==92627== Invalid read of size 16
==92627==    at 0x4CB7A45: vk::halfSample(cv::Mat const&, cv::Mat&) (in /workspace/rpg_vikit/vikit_common/lib/libvikit_common.so)
==92627==    by 0x4888055: svo::frame_utils::createImgPyramid(cv::Mat const&, int, std::vector<cv::Mat, std::allocator<cv::Mat> >&) (in /workspace/rpg_svo/svo/lib/libsvo.so)
==92627==    by 0x48883AC: svo::Frame::Frame(vk::AbstractCamera*, cv::Mat const&, double) (in /workspace/rpg_svo/svo/lib/libsvo.so)
==92627==    by 0x487852F: svo::FrameHandlerMono::addImage(cv::Mat const&, double) (in /workspace/rpg_svo/svo/lib/libsvo.so)
==92627==    by 0x111761: svo::BenchmarkNodeKITTI::runFromFolder(std::__cxx11::basic_string<char, std::char_traits<char>, std::allocator<char> > const&, std::__cxx11::basic_string<char, std::char_traits<char>, std::allocator<char> > const&, int, int) (in /workspace/rpg_svo/svo/bin/test_pipeline_kitty)
==92627==    by 0x110C23: main (in /workspace/rpg_svo/svo/bin/test_pipeline_kitty)
==92627==  Address 0x12806a1e is 7,342 bytes inside a block of size 7,357 alloc'd
==92627==    at 0x4846828: malloc (in /usr/libexec/valgrind/vgpreload_memcheck-amd64-linux.so)
==92627==    by 0x49A9628: cv::fastMalloc(unsigned long) (in /usr/lib/x86_64-linux-gnu/libopencv_core.so.4.6.0)
==92627==    by 0x4A7851B: ??? (in /usr/lib/x86_64-linux-gnu/libopencv_core.so.4.6.0)
==92627==    by 0x4A6E636: cv::Mat::create(int, int const*, int) (in /usr/lib/x86_64-linux-gnu/libopencv_core.so.4.6.0)
==92627==    by 0x4A6E98F: cv::Mat::create(int, int, int) (in /usr/lib/x86_64-linux-gnu/libopencv_core.so.4.6.0)
==92627==    by 0x4887FDF: svo::frame_utils::createImgPyramid(cv::Mat const&, int, std::vector<cv::Mat, std::allocator<cv::Mat> >&) (in /workspace/rpg_svo/svo/lib/libsvo.so)
==92627==    by 0x48883AC: svo::Frame::Frame(vk::AbstractCamera*, cv::Mat const&, double) (in /workspace/rpg_svo/svo/lib/libsvo.so)
==92627==    by 0x487852F: svo::FrameHandlerMono::addImage(cv::Mat const&, double) (in /workspace/rpg_svo/svo/lib/libsvo.so)
==92627==    by 0x111761: svo::BenchmarkNodeKITTI::runFromFolder(std::__cxx11::basic_string<char, std::char_traits<char>, std::allocator<char> > const&, std::__cxx11::basic_string<char, std::char_traits<char>, std::allocator<char> > const&, int, int) (in /workspace/rpg_svo/svo/bin/test_pipeline_kitty)
==92627==    by 0x110C23: main (in /workspace/rpg_svo/svo/bin/test_pipeline_kitty)
==92627== 
==92627== Invalid read of size 16
==92627==    at 0x4CB7A56: vk::halfSample(cv::Mat const&, cv::Mat&) (in /workspace/rpg_vikit/vikit_common/lib/libvikit_common.so)
==92627==    by 0x4888055: svo::frame_utils::createImgPyramid(cv::Mat const&, int, std::vector<cv::Mat, std::allocator<cv::Mat> >&) (in /workspace/rpg_svo/svo/lib/libsvo.so)
==92627==    by 0x48883AC: svo::Frame::Frame(vk::AbstractCamera*, cv::Mat const&, double) (in /workspace/rpg_svo/svo/lib/libsvo.so)
==92627==    by 0x487852F: svo::FrameHandlerMono::addImage(cv::Mat const&, double) (in /workspace/rpg_svo/svo/lib/libsvo.so)
==92627==    by 0x111761: svo::BenchmarkNodeKITTI::runFromFolder(std::__cxx11::basic_string<char, std::char_traits<char>, std::allocator<char> > const&, std::__cxx11::basic_string<char, std::char_traits<char>, std::allocator<char> > const&, int, int) (in /workspace/rpg_svo/svo/bin/test_pipeline_kitty)
==92627==    by 0x110C23: main (in /workspace/rpg_svo/svo/bin/test_pipeline_kitty)
==92627==  Address 0x12806a2e is 1 bytes after a block of size 7,357 alloc'd
==92627==    at 0x4846828: malloc (in /usr/libexec/valgrind/vgpreload_memcheck-amd64-linux.so)
==92627==    by 0x49A9628: cv::fastMalloc(unsigned long) (in /usr/lib/x86_64-linux-gnu/libopencv_core.so.4.6.0)
==92627==    by 0x4A7851B: ??? (in /usr/lib/x86_64-linux-gnu/libopencv_core.so.4.6.0)
==92627==    by 0x4A6E636: cv::Mat::create(int, int const*, int) (in /usr/lib/x86_64-linux-gnu/libopencv_core.so.4.6.0)
==92627==    by 0x4A6E98F: cv::Mat::create(int, int, int) (in /usr/lib/x86_64-linux-gnu/libopencv_core.so.4.6.0)
==92627==    by 0x4887FDF: svo::frame_utils::createImgPyramid(cv::Mat const&, int, std::vector<cv::Mat, std::allocator<cv::Mat> >&) (in /workspace/rpg_svo/svo/lib/libsvo.so)
==92627==    by 0x48883AC: svo::Frame::Frame(vk::AbstractCamera*, cv::Mat const&, double) (in /workspace/rpg_svo/svo/lib/libsvo.so)
==92627==    by 0x487852F: svo::FrameHandlerMono::addImage(cv::Mat const&, double) (in /workspace/rpg_svo/svo/lib/libsvo.so)
==92627==    by 0x111761: svo::BenchmarkNodeKITTI::runFromFolder(std::__cxx11::basic_string<char, std::char_traits<char>, std::allocator<char> > const&, std::__cxx11::basic_string<char, std::char_traits<char>, std::allocator<char> > const&, int, int) (in /workspace/rpg_svo/svo/bin/test_pipeline_kitty)
==92627==    by 0x110C23: main (in /workspace/rpg_svo/svo/bin/test_pipeline_kitty)
==92627== 
==92627== Invalid read of size 16
==92627==    at 0x4CB7AFE: vk::halfSample(cv::Mat const&, cv::Mat&) (in /workspace/rpg_vikit/vikit_common/lib/libvikit_common.so)
==92627==    by 0x4888055: svo::frame_utils::createImgPyramid(cv::Mat const&, int, std::vector<cv::Mat, std::allocator<cv::Mat> >&) (in /workspace/rpg_svo/svo/lib/libsvo.so)
==92627==    by 0x48883AC: svo::Frame::Frame(vk::AbstractCamera*, cv::Mat const&, double) (in /workspace/rpg_svo/svo/lib/libsvo.so)
==92627==    by 0x487852F: svo::FrameHandlerMono::addImage(cv::Mat const&, double) (in /workspace/rpg_svo/svo/lib/libsvo.so)
==92627==    by 0x111761: svo::BenchmarkNodeKITTI::runFromFolder(std::__cxx11::basic_string<char, std::char_traits<char>, std::allocator<char> > const&, std::__cxx11::basic_string<char, std::char_traits<char>, std::allocator<char> > const&, int, int) (in /workspace/rpg_svo/svo/bin/test_pipeline_kitty)
==92627==    by 0x110C23: main (in /workspace/rpg_svo/svo/bin/test_pipeline_kitty)
==92627==  Address 0x12806a3e is 17 bytes after a block of size 7,357 alloc'd
==92627==    at 0x4846828: malloc (in /usr/libexec/valgrind/vgpreload_memcheck-amd64-linux.so)
==92627==    by 0x49A9628: cv::fastMalloc(unsigned long) (in /usr/lib/x86_64-linux-gnu/libopencv_core.so.4.6.0)
==92627==    by 0x4A7851B: ??? (in /usr/lib/x86_64-linux-gnu/libopencv_core.so.4.6.0)
==92627==    by 0x4A6E636: cv::Mat::create(int, int const*, int) (in /usr/lib/x86_64-linux-gnu/libopencv_core.so.4.6.0)
==92627==    by 0x4A6E98F: cv::Mat::create(int, int, int) (in /usr/lib/x86_64-linux-gnu/libopencv_core.so.4.6.0)
==92627==    by 0x4887FDF: svo::frame_utils::createImgPyramid(cv::Mat const&, int, std::vector<cv::Mat, std::allocator<cv::Mat> >&) (in /workspace/rpg_svo/svo/lib/libsvo.so)
==92627==    by 0x48883AC: svo::Frame::Frame(vk::AbstractCamera*, cv::Mat const&, double) (in /workspace/rpg_svo/svo/lib/libsvo.so)
==92627==    by 0x487852F: svo::FrameHandlerMono::addImage(cv::Mat const&, double) (in /workspace/rpg_svo/svo/lib/libsvo.so)
==92627==    by 0x111761: svo::BenchmarkNodeKITTI::runFromFolder(std::__cxx11::basic_string<char, std::char_traits<char>, std::allocator<char> > const&, std::__cxx11::basic_string<char, std::char_traits<char>, std::allocator<char> > const&, int, int) (in /workspace/rpg_svo/svo/bin/test_pipeline_kitty)
==92627==    by 0x110C23: main (in /workspace/rpg_svo/svo/bin/test_pipeline_kitty)
==92627== 
==92627== Invalid read of size 16
==92627==    at 0x4CB7B04: vk::halfSample(cv::Mat const&, cv::Mat&) (in /workspace/rpg_vikit/vikit_common/lib/libvikit_common.so)
==92627==    by 0x4888055: svo::frame_utils::createImgPyramid(cv::Mat const&, int, std::vector<cv::Mat, std::allocator<cv::Mat> >&) (in /workspace/rpg_svo/svo/lib/libsvo.so)
==92627==    by 0x48883AC: svo::Frame::Frame(vk::AbstractCamera*, cv::Mat const&, double) (in /workspace/rpg_svo/svo/lib/libsvo.so)
==92627==    by 0x487852F: svo::FrameHandlerMono::addImage(cv::Mat const&, double) (in /workspace/rpg_svo/svo/lib/libsvo.so)
==92627==    by 0x111761: svo::BenchmarkNodeKITTI::runFromFolder(std::__cxx11::basic_string<char, std::char_traits<char>, std::allocator<char> > const&, std::__cxx11::basic_string<char, std::char_traits<char>, std::allocator<char> > const&, int, int) (in /workspace/rpg_svo/svo/bin/test_pipeline_kitty)
==92627==    by 0x110C23: main (in /workspace/rpg_svo/svo/bin/test_pipeline_kitty)
==92627==  Address 0x12806a4e is 30 bytes after a block of size 7,360 in arena "client"
==92627== 
==92627== Invalid write of size 8
==92627==    at 0x4CB7BCF: vk::halfSample(cv::Mat const&, cv::Mat&) (in /workspace/rpg_vikit/vikit_common/lib/libvikit_common.so)
==92627==    by 0x4888055: svo::frame_utils::createImgPyramid(cv::Mat const&, int, std::vector<cv::Mat, std::allocator<cv::Mat> >&) (in /workspace/rpg_svo/svo/lib/libsvo.so)
==92627==    by 0x48883AC: svo::Frame::Frame(vk::AbstractCamera*, cv::Mat const&, double) (in /workspace/rpg_svo/svo/lib/libsvo.so)
==92627==    by 0x487852F: svo::FrameHandlerMono::addImage(cv::Mat const&, double) (in /workspace/rpg_svo/svo/lib/libsvo.so)
==92627==    by 0x111761: svo::BenchmarkNodeKITTI::runFromFolder(std::__cxx11::basic_string<char, std::char_traits<char>, std::allocator<char> > const&, std::__cxx11::basic_string<char, std::char_traits<char>, std::allocator<char> > const&, int, int) (in /workspace/rpg_svo/svo/bin/test_pipeline_kitty)
==92627==    by 0x110C23: main (in /workspace/rpg_svo/svo/bin/test_pipeline_kitty)
==92627==  Address 0x128071a3 is 0 bytes after a block of size 1,843 alloc'd
==92627==    at 0x4846828: malloc (in /usr/libexec/valgrind/vgpreload_memcheck-amd64-linux.so)
==92627==    by 0x49A9628: cv::fastMalloc(unsigned long) (in /usr/lib/x86_64-linux-gnu/libopencv_core.so.4.6.0)
==92627==    by 0x4A7851B: ??? (in /usr/lib/x86_64-linux-gnu/libopencv_core.so.4.6.0)
==92627==    by 0x4A6E636: cv::Mat::create(int, int const*, int) (in /usr/lib/x86_64-linux-gnu/libopencv_core.so.4.6.0)
==92627==    by 0x4A6E98F: cv::Mat::create(int, int, int) (in /usr/lib/x86_64-linux-gnu/libopencv_core.so.4.6.0)
==92627==    by 0x4888030: svo::frame_utils::createImgPyramid(cv::Mat const&, int, std::vector<cv::Mat, std::allocator<cv::Mat> >&) (in /workspace/rpg_svo/svo/lib/libsvo.so)
==92627==    by 0x48883AC: svo::Frame::Frame(vk::AbstractCamera*, cv::Mat const&, double) (in /workspace/rpg_svo/svo/lib/libsvo.so)
==92627==    by 0x487852F: svo::FrameHandlerMono::addImage(cv::Mat const&, double) (in /workspace/rpg_svo/svo/lib/libsvo.so)
==92627==    by 0x111761: svo::BenchmarkNodeKITTI::runFromFolder(std::__cxx11::basic_string<char, std::char_traits<char>, std::allocator<char> > const&, std::__cxx11::basic_string<char, std::char_traits<char>, std::allocator<char> > const&, int, int) (in /workspace/rpg_svo/svo/bin/test_pipeline_kitty)
==92627==    by 0x110C23: main (in /workspace/rpg_svo/svo/bin/test_pipeline_kitty)
==92627== 
==92627== Invalid read of size 8
==92627==    at 0x4CB7C44: vk::halfSample(cv::Mat const&, cv::Mat&) (in /workspace/rpg_vikit/vikit_common/lib/libvikit_common.so)
==92627==    by 0x4888055: svo::frame_utils::createImgPyramid(cv::Mat const&, int, std::vector<cv::Mat, std::allocator<cv::Mat> >&) (in /workspace/rpg_svo/svo/lib/libsvo.so)
==92627==    by 0x48883AC: svo::Frame::Frame(vk::AbstractCamera*, cv::Mat const&, double) (in /workspace/rpg_svo/svo/lib/libsvo.so)
==92627==    by 0x487852F: svo::FrameHandlerMono::addImage(cv::Mat const&, double) (in /workspace/rpg_svo/svo/lib/libsvo.so)
==92627==    by 0x111761: svo::BenchmarkNodeKITTI::runFromFolder(std::__cxx11::basic_string<char, std::char_traits<char>, std::allocator<char> > const&, std::__cxx11::basic_string<char, std::char_traits<char>, std::allocator<char> > const&, int, int) (in /workspace/rpg_svo/svo/bin/test_pipeline_kitty)
==92627==    by 0x110C23: main (in /workspace/rpg_svo/svo/bin/test_pipeline_kitty)
==92627==  Address 0x12806a5e is 18 bytes before a block of size 1,843 alloc'd
==92627==    at 0x4846828: malloc (in /usr/libexec/valgrind/vgpreload_memcheck-amd64-linux.so)
==92627==    by 0x49A9628: cv::fastMalloc(unsigned long) (in /usr/lib/x86_64-linux-gnu/libopencv_core.so.4.6.0)
==92627==    by 0x4A7851B: ??? (in /usr/lib/x86_64-linux-gnu/libopencv_core.so.4.6.0)
==92627==    by 0x4A6E636: cv::Mat::create(int, int const*, int) (in /usr/lib/x86_64-linux-gnu/libopencv_core.so.4.6.0)
==92627==    by 0x4A6E98F: cv::Mat::create(int, int, int) (in /usr/lib/x86_64-linux-gnu/libopencv_core.so.4.6.0)
==92627==    by 0x4888030: svo::frame_utils::createImgPyramid(cv::Mat const&, int, std::vector<cv::Mat, std::allocator<cv::Mat> >&) (in /workspace/rpg_svo/svo/lib/libsvo.so)
==92627==    by 0x48883AC: svo::Frame::Frame(vk::AbstractCamera*, cv::Mat const&, double) (in /workspace/rpg_svo/svo/lib/libsvo.so)
==92627==    by 0x487852F: svo::FrameHandlerMono::addImage(cv::Mat const&, double) (in /workspace/rpg_svo/svo/lib/libsvo.so)
==92627==    by 0x111761: svo::BenchmarkNodeKITTI::runFromFolder(std::__cxx11::basic_string<char, std::char_traits<char>, std::allocator<char> > const&, std::__cxx11::basic_string<char, std::char_traits<char>, std::allocator<char> > const&, int, int) (in /workspace/rpg_svo/svo/bin/test_pipeline_kitty)
==92627==    by 0x110C23: main (in /workspace/rpg_svo/svo/bin/test_pipeline_kitty)
==92627== 
==92627== Invalid read of size 8
==92627==    at 0x4CB7C49: vk::halfSample(cv::Mat const&, cv::Mat&) (in /workspace/rpg_vikit/vikit_common/lib/libvikit_common.so)
==92627==    by 0x4888055: svo::frame_utils::createImgPyramid(cv::Mat const&, int, std::vector<cv::Mat, std::allocator<cv::Mat> >&) (in /workspace/rpg_svo/svo/lib/libsvo.so)
==92627==    by 0x48883AC: svo::Frame::Frame(vk::AbstractCamera*, cv::Mat const&, double) (in /workspace/rpg_svo/svo/lib/libsvo.so)
==92627==    by 0x487852F: svo::FrameHandlerMono::addImage(cv::Mat const&, double) (in /workspace/rpg_svo/svo/lib/libsvo.so)
==92627==    by 0x111761: svo::BenchmarkNodeKITTI::runFromFolder(std::__cxx11::basic_string<char, std::char_traits<char>, std::allocator<char> > const&, std::__cxx11::basic_string<char, std::char_traits<char>, std::allocator<char> > const&, int, int) (in /workspace/rpg_svo/svo/bin/test_pipeline_kitty)
==92627==    by 0x110C23: main (in /workspace/rpg_svo/svo/bin/test_pipeline_kitty)
==92627==  Address 0x12806a66 is 10 bytes before a block of size 1,843 alloc'd
==92627==    at 0x4846828: malloc (in /usr/libexec/valgrind/vgpreload_memcheck-amd64-linux.so)
==92627==    by 0x49A9628: cv::fastMalloc(unsigned long) (in /usr/lib/x86_64-linux-gnu/libopencv_core.so.4.6.0)
==92627==    by 0x4A7851B: ??? (in /usr/lib/x86_64-linux-gnu/libopencv_core.so.4.6.0)
==92627==    by 0x4A6E636: cv::Mat::create(int, int const*, int) (in /usr/lib/x86_64-linux-gnu/libopencv_core.so.4.6.0)
==92627==    by 0x4A6E98F: cv::Mat::create(int, int, int) (in /usr/lib/x86_64-linux-gnu/libopencv_core.so.4.6.0)
==92627==    by 0x4888030: svo::frame_utils::createImgPyramid(cv::Mat const&, int, std::vector<cv::Mat, std::allocator<cv::Mat> >&) (in /workspace/rpg_svo/svo/lib/libsvo.so)
==92627==    by 0x48883AC: svo::Frame::Frame(vk::AbstractCamera*, cv::Mat const&, double) (in /workspace/rpg_svo/svo/lib/libsvo.so)
==92627==    by 0x487852F: svo::FrameHandlerMono::addImage(cv::Mat const&, double) (in /workspace/rpg_svo/svo/lib/libsvo.so)
==92627==    by 0x111761: svo::BenchmarkNodeKITTI::runFromFolder(std::__cxx11::basic_string<char, std::char_traits<char>, std::allocator<char> > const&, std::__cxx11::basic_string<char, std::char_traits<char>, std::allocator<char> > const&, int, int) (in /workspace/rpg_svo/svo/bin/test_pipeline_kitty)
==92627==    by 0x110C23: main (in /workspace/rpg_svo/svo/bin/test_pipeline_kitty)
==92627== 
==92627== Invalid write of size 8
==92627==    at 0x4CB7D3C: vk::halfSample(cv::Mat const&, cv::Mat&) (in /workspace/rpg_vikit/vikit_common/lib/libvikit_common.so)
==92627==    by 0x4888055: svo::frame_utils::createImgPyramid(cv::Mat const&, int, std::vector<cv::Mat, std::allocator<cv::Mat> >&) (in /workspace/rpg_svo/svo/lib/libsvo.so)
==92627==    by 0x48883AC: svo::Frame::Frame(vk::AbstractCamera*, cv::Mat const&, double) (in /workspace/rpg_svo/svo/lib/libsvo.so)
==92627==    by 0x487852F: svo::FrameHandlerMono::addImage(cv::Mat const&, double) (in /workspace/rpg_svo/svo/lib/libsvo.so)
==92627==    by 0x111761: svo::BenchmarkNodeKITTI::runFromFolder(std::__cxx11::basic_string<char, std::char_traits<char>, std::allocator<char> > const&, std::__cxx11::basic_string<char, std::char_traits<char>, std::allocator<char> > const&, int, int) (in /workspace/rpg_svo/svo/bin/test_pipeline_kitty)
==92627==    by 0x110C23: main (in /workspace/rpg_svo/svo/bin/test_pipeline_kitty)
==92627==  Address 0x128071ab is 8 bytes after a block of size 1,843 alloc'd
==92627==    at 0x4846828: malloc (in /usr/libexec/valgrind/vgpreload_memcheck-amd64-linux.so)
==92627==    by 0x49A9628: cv::fastMalloc(unsigned long) (in /usr/lib/x86_64-linux-gnu/libopencv_core.so.4.6.0)
==92627==    by 0x4A7851B: ??? (in /usr/lib/x86_64-linux-gnu/libopencv_core.so.4.6.0)
==92627==    by 0x4A6E636: cv::Mat::create(int, int const*, int) (in /usr/lib/x86_64-linux-gnu/libopencv_core.so.4.6.0)
==92627==    by 0x4A6E98F: cv::Mat::create(int, int, int) (in /usr/lib/x86_64-linux-gnu/libopencv_core.so.4.6.0)
==92627==    by 0x4888030: svo::frame_utils::createImgPyramid(cv::Mat const&, int, std::vector<cv::Mat, std::allocator<cv::Mat> >&) (in /workspace/rpg_svo/svo/lib/libsvo.so)
==92627==    by 0x48883AC: svo::Frame::Frame(vk::AbstractCamera*, cv::Mat const&, double) (in /workspace/rpg_svo/svo/lib/libsvo.so)
==92627==    by 0x487852F: svo::FrameHandlerMono::addImage(cv::Mat const&, double) (in /workspace/rpg_svo/svo/lib/libsvo.so)
==92627==    by 0x111761: svo::BenchmarkNodeKITTI::runFromFolder(std::__cxx11::basic_string<char, std::char_traits<char>, std::allocator<char> > const&, std::__cxx11::basic_string<char, std::char_traits<char>, std::allocator<char> > const&, int, int) (in /workspace/rpg_svo/svo/bin/test_pipeline_kitty)
==92627==    by 0x110C23: main (in /workspace/rpg_svo/svo/bin/test_pipeline_kitty)
==92627== 
==92627== Invalid read of size 1
==92627==    at 0x4CB7D6D: vk::halfSample(cv::Mat const&, cv::Mat&) (in /workspace/rpg_vikit/vikit_common/lib/libvikit_common.so)
==92627==    by 0x4888055: svo::frame_utils::createImgPyramid(cv::Mat const&, int, std::vector<cv::Mat, std::allocator<cv::Mat> >&) (in /workspace/rpg_svo/svo/lib/libsvo.so)
==92627==    by 0x48883AC: svo::Frame::Frame(vk::AbstractCamera*, cv::Mat const&, double) (in /workspace/rpg_svo/svo/lib/libsvo.so)
==92627==    by 0x487852F: svo::FrameHandlerMono::addImage(cv::Mat const&, double) (in /workspace/rpg_svo/svo/lib/libsvo.so)
==92627==    by 0x111761: svo::BenchmarkNodeKITTI::runFromFolder(std::__cxx11::basic_string<char, std::char_traits<char>, std::allocator<char> > const&, std::__cxx11::basic_string<char, std::char_traits<char>, std::allocator<char> > const&, int, int) (in /workspace/rpg_svo/svo/bin/test_pipeline_kitty)
==92627==    by 0x110C23: main (in /workspace/rpg_svo/svo/bin/test_pipeline_kitty)
==92627==  Address 0x12806a6e is 2 bytes before a block of size 1,843 alloc'd
==92627==    at 0x4846828: malloc (in /usr/libexec/valgrind/vgpreload_memcheck-amd64-linux.so)
==92627==    by 0x49A9628: cv::fastMalloc(unsigned long) (in /usr/lib/x86_64-linux-gnu/libopencv_core.so.4.6.0)
==92627==    by 0x4A7851B: ??? (in /usr/lib/x86_64-linux-gnu/libopencv_core.so.4.6.0)
==92627==    by 0x4A6E636: cv::Mat::create(int, int const*, int) (in /usr/lib/x86_64-linux-gnu/libopencv_core.so.4.6.0)
==92627==    by 0x4A6E98F: cv::Mat::create(int, int, int) (in /usr/lib/x86_64-linux-gnu/libopencv_core.so.4.6.0)
==92627==    by 0x4888030: svo::frame_utils::createImgPyramid(cv::Mat const&, int, std::vector<cv::Mat, std::allocator<cv::Mat> >&) (in /workspace/rpg_svo/svo/lib/libsvo.so)
==92627==    by 0x48883AC: svo::Frame::Frame(vk::AbstractCamera*, cv::Mat const&, double) (in /workspace/rpg_svo/svo/lib/libsvo.so)
==92627==    by 0x487852F: svo::FrameHandlerMono::addImage(cv::Mat const&, double) (in /workspace/rpg_svo/svo/lib/libsvo.so)
==92627==    by 0x111761: svo::BenchmarkNodeKITTI::runFromFolder(std::__cxx11::basic_string<char, std::char_traits<char>, std::allocator<char> > const&, std::__cxx11::basic_string<char, std::char_traits<char>, std::allocator<char> > const&, int, int) (in /workspace/rpg_svo/svo/bin/test_pipeline_kitty)
==92627==    by 0x110C23: main (in /workspace/rpg_svo/svo/bin/test_pipeline_kitty)
==92627== 
==92627== Invalid read of size 1
==92627==    at 0x4CB7D74: vk::halfSample(cv::Mat const&, cv::Mat&) (in /workspace/rpg_vikit/vikit_common/lib/libvikit_common.so)
==92627==    by 0x4888055: svo::frame_utils::createImgPyramid(cv::Mat const&, int, std::vector<cv::Mat, std::allocator<cv::Mat> >&) (in /workspace/rpg_svo/svo/lib/libsvo.so)
==92627==    by 0x48883AC: svo::Frame::Frame(vk::AbstractCamera*, cv::Mat const&, double) (in /workspace/rpg_svo/svo/lib/libsvo.so)
==92627==    by 0x487852F: svo::FrameHandlerMono::addImage(cv::Mat const&, double) (in /workspace/rpg_svo/svo/lib/libsvo.so)
==92627==    by 0x111761: svo::BenchmarkNodeKITTI::runFromFolder(std::__cxx11::basic_string<char, std::char_traits<char>, std::allocator<char> > const&, std::__cxx11::basic_string<char, std::char_traits<char>, std::allocator<char> > const&, int, int) (in /workspace/rpg_svo/svo/bin/test_pipeline_kitty)
==92627==    by 0x110C23: main (in /workspace/rpg_svo/svo/bin/test_pipeline_kitty)
==92627==  Address 0x12806a6f is 1 bytes before a block of size 1,843 alloc'd
==92627==    at 0x4846828: malloc (in /usr/libexec/valgrind/vgpreload_memcheck-amd64-linux.so)
==92627==    by 0x49A9628: cv::fastMalloc(unsigned long) (in /usr/lib/x86_64-linux-gnu/libopencv_core.so.4.6.0)
==92627==    by 0x4A7851B: ??? (in /usr/lib/x86_64-linux-gnu/libopencv_core.so.4.6.0)
==92627==    by 0x4A6E636: cv::Mat::create(int, int const*, int) (in /usr/lib/x86_64-linux-gnu/libopencv_core.so.4.6.0)
==92627==    by 0x4A6E98F: cv::Mat::create(int, int, int) (in /usr/lib/x86_64-linux-gnu/libopencv_core.so.4.6.0)
==92627==    by 0x4888030: svo::frame_utils::createImgPyramid(cv::Mat const&, int, std::vector<cv::Mat, std::allocator<cv::Mat> >&) (in /workspace/rpg_svo/svo/lib/libsvo.so)
==92627==    by 0x48883AC: svo::Frame::Frame(vk::AbstractCamera*, cv::Mat const&, double) (in /workspace/rpg_svo/svo/lib/libsvo.so)
==92627==    by 0x487852F: svo::FrameHandlerMono::addImage(cv::Mat const&, double) (in /workspace/rpg_svo/svo/lib/libsvo.so)
==92627==    by 0x111761: svo::BenchmarkNodeKITTI::runFromFolder(std::__cxx11::basic_string<char, std::char_traits<char>, std::allocator<char> > const&, std::__cxx11::basic_string<char, std::char_traits<char>, std::allocator<char> > const&, int, int) (in /workspace/rpg_svo/svo/bin/test_pipeline_kitty)
==92627==    by 0x110C23: main (in /workspace/rpg_svo/svo/bin/test_pipeline_kitty)
==92627== 
==92627== Invalid write of size 1
==92627==    at 0x4CB7D87: vk::halfSample(cv::Mat const&, cv::Mat&) (in /workspace/rpg_vikit/vikit_common/lib/libvikit_common.so)
==92627==    by 0x4888055: svo::frame_utils::createImgPyramid(cv::Mat const&, int, std::vector<cv::Mat, std::allocator<cv::Mat> >&) (in /workspace/rpg_svo/svo/lib/libsvo.so)
==92627==    by 0x48883AC: svo::Frame::Frame(vk::AbstractCamera*, cv::Mat const&, double) (in /workspace/rpg_svo/svo/lib/libsvo.so)
==92627==    by 0x487852F: svo::FrameHandlerMono::addImage(cv::Mat const&, double) (in /workspace/rpg_svo/svo/lib/libsvo.so)
==92627==    by 0x111761: svo::BenchmarkNodeKITTI::runFromFolder(std::__cxx11::basic_string<char, std::char_traits<char>, std::allocator<char> > const&, std::__cxx11::basic_string<char, std::char_traits<char>, std::allocator<char> > const&, int, int) (in /workspace/rpg_svo/svo/bin/test_pipeline_kitty)
==92627==    by 0x110C23: main (in /workspace/rpg_svo/svo/bin/test_pipeline_kitty)
==92627==  Address 0x128071b3 is 16 bytes after a block of size 1,843 alloc'd
==92627==    at 0x4846828: malloc (in /usr/libexec/valgrind/vgpreload_memcheck-amd64-linux.so)
==92627==    by 0x49A9628: cv::fastMalloc(unsigned long) (in /usr/lib/x86_64-linux-gnu/libopencv_core.so.4.6.0)
==92627==    by 0x4A7851B: ??? (in /usr/lib/x86_64-linux-gnu/libopencv_core.so.4.6.0)
==92627==    by 0x4A6E636: cv::Mat::create(int, int const*, int) (in /usr/lib/x86_64-linux-gnu/libopencv_core.so.4.6.0)
==92627==    by 0x4A6E98F: cv::Mat::create(int, int, int) (in /usr/lib/x86_64-linux-gnu/libopencv_core.so.4.6.0)
==92627==    by 0x4888030: svo::frame_utils::createImgPyramid(cv::Mat const&, int, std::vector<cv::Mat, std::allocator<cv::Mat> >&) (in /workspace/rpg_svo/svo/lib/libsvo.so)
==92627==    by 0x48883AC: svo::Frame::Frame(vk::AbstractCamera*, cv::Mat const&, double) (in /workspace/rpg_svo/svo/lib/libsvo.so)
==92627==    by 0x487852F: svo::FrameHandlerMono::addImage(cv::Mat const&, double) (in /workspace/rpg_svo/svo/lib/libsvo.so)
==92627==    by 0x111761: svo::BenchmarkNodeKITTI::runFromFolder(std::__cxx11::basic_string<char, std::char_traits<char>, std::allocator<char> > const&, std::__cxx11::basic_string<char, std::char_traits<char>, std::allocator<char> > const&, int, int) (in /workspace/rpg_svo/svo/bin/test_pipeline_kitty)
==92627==    by 0x110C23: main (in /workspace/rpg_svo/svo/bin/test_pipeline_kitty)
==92627== 
==92627== Invalid write of size 1
==92627==    at 0x4CB7DB8: vk::halfSample(cv::Mat const&, cv::Mat&) (in /workspace/rpg_vikit/vikit_common/lib/libvikit_common.so)
==92627==    by 0x4888055: svo::frame_utils::createImgPyramid(cv::Mat const&, int, std::vector<cv::Mat, std::allocator<cv::Mat> >&) (in /workspace/rpg_svo/svo/lib/libsvo.so)
==92627==    by 0x48883AC: svo::Frame::Frame(vk::AbstractCamera*, cv::Mat const&, double) (in /workspace/rpg_svo/svo/lib/libsvo.so)
==92627==    by 0x487852F: svo::FrameHandlerMono::addImage(cv::Mat const&, double) (in /workspace/rpg_svo/svo/lib/libsvo.so)
==92627==    by 0x111761: svo::BenchmarkNodeKITTI::runFromFolder(std::__cxx11::basic_string<char, std::char_traits<char>, std::allocator<char> > const&, std::__cxx11::basic_string<char, std::char_traits<char>, std::allocator<char> > const&, int, int) (in /workspace/rpg_svo/svo/bin/test_pipeline_kitty)
==92627==    by 0x110C23: main (in /workspace/rpg_svo/svo/bin/test_pipeline_kitty)
==92627==  Address 0x128071b4 is 17 bytes after a block of size 1,843 alloc'd
==92627==    at 0x4846828: malloc (in /usr/libexec/valgrind/vgpreload_memcheck-amd64-linux.so)
==92627==    by 0x49A9628: cv::fastMalloc(unsigned long) (in /usr/lib/x86_64-linux-gnu/libopencv_core.so.4.6.0)
==92627==    by 0x4A7851B: ??? (in /usr/lib/x86_64-linux-gnu/libopencv_core.so.4.6.0)
==92627==    by 0x4A6E636: cv::Mat::create(int, int const*, int) (in /usr/lib/x86_64-linux-gnu/libopencv_core.so.4.6.0)
==92627==    by 0x4A6E98F: cv::Mat::create(int, int, int) (in /usr/lib/x86_64-linux-gnu/libopencv_core.so.4.6.0)
==92627==    by 0x4888030: svo::frame_utils::createImgPyramid(cv::Mat const&, int, std::vector<cv::Mat, std::allocator<cv::Mat> >&) (in /workspace/rpg_svo/svo/lib/libsvo.so)
==92627==    by 0x48883AC: svo::Frame::Frame(vk::AbstractCamera*, cv::Mat const&, double) (in /workspace/rpg_svo/svo/lib/libsvo.so)
==92627==    by 0x487852F: svo::FrameHandlerMono::addImage(cv::Mat const&, double) (in /workspace/rpg_svo/svo/lib/libsvo.so)
==92627==    by 0x111761: svo::BenchmarkNodeKITTI::runFromFolder(std::__cxx11::basic_string<char, std::char_traits<char>, std::allocator<char> > const&, std::__cxx11::basic_string<char, std::char_traits<char>, std::allocator<char> > const&, int, int) (in /workspace/rpg_svo/svo/bin/test_pipeline_kitty)
==92627==    by 0x110C23: main (in /workspace/rpg_svo/svo/bin/test_pipeline_kitty)
==92627== 
==92627== Invalid write of size 1
==92627==    at 0x4CB7DEA: vk::halfSample(cv::Mat const&, cv::Mat&) (in /workspace/rpg_vikit/vikit_common/lib/libvikit_common.so)
==92627==    by 0x4888055: svo::frame_utils::createImgPyramid(cv::Mat const&, int, std::vector<cv::Mat, std::allocator<cv::Mat> >&) (in /workspace/rpg_svo/svo/lib/libsvo.so)
==92627==    by 0x48883AC: svo::Frame::Frame(vk::AbstractCamera*, cv::Mat const&, double) (in /workspace/rpg_svo/svo/lib/libsvo.so)
==92627==    by 0x487852F: svo::FrameHandlerMono::addImage(cv::Mat const&, double) (in /workspace/rpg_svo/svo/lib/libsvo.so)
==92627==    by 0x111761: svo::BenchmarkNodeKITTI::runFromFolder(std::__cxx11::basic_string<char, std::char_traits<char>, std::allocator<char> > const&, std::__cxx11::basic_string<char, std::char_traits<char>, std::allocator<char> > const&, int, int) (in /workspace/rpg_svo/svo/bin/test_pipeline_kitty)
==92627==    by 0x110C23: main (in /workspace/rpg_svo/svo/bin/test_pipeline_kitty)
==92627==  Address 0x128071b5 is 18 bytes after a block of size 1,843 alloc'd
==92627==    at 0x4846828: malloc (in /usr/libexec/valgrind/vgpreload_memcheck-amd64-linux.so)
==92627==    by 0x49A9628: cv::fastMalloc(unsigned long) (in /usr/lib/x86_64-linux-gnu/libopencv_core.so.4.6.0)
==92627==    by 0x4A7851B: ??? (in /usr/lib/x86_64-linux-gnu/libopencv_core.so.4.6.0)
==92627==    by 0x4A6E636: cv::Mat::create(int, int const*, int) (in /usr/lib/x86_64-linux-gnu/libopencv_core.so.4.6.0)
==92627==    by 0x4A6E98F: cv::Mat::create(int, int, int) (in /usr/lib/x86_64-linux-gnu/libopencv_core.so.4.6.0)
==92627==    by 0x4888030: svo::frame_utils::createImgPyramid(cv::Mat const&, int, std::vector<cv::Mat, std::allocator<cv::Mat> >&) (in /workspace/rpg_svo/svo/lib/libsvo.so)
==92627==    by 0x48883AC: svo::Frame::Frame(vk::AbstractCamera*, cv::Mat const&, double) (in /workspace/rpg_svo/svo/lib/libsvo.so)
==92627==    by 0x487852F: svo::FrameHandlerMono::addImage(cv::Mat const&, double) (in /workspace/rpg_svo/svo/lib/libsvo.so)
==92627==    by 0x111761: svo::BenchmarkNodeKITTI::runFromFolder(std::__cxx11::basic_string<char, std::char_traits<char>, std::allocator<char> > const&, std::__cxx11::basic_string<char, std::char_traits<char>, std::allocator<char> > const&, int, int) (in /workspace/rpg_svo/svo/bin/test_pipeline_kitty)
==92627==    by 0x110C23: main (in /workspace/rpg_svo/svo/bin/test_pipeline_kitty)
==92627== 
==92627== Invalid write of size 1
==92627==    at 0x4CB7E1C: vk::halfSample(cv::Mat const&, cv::Mat&) (in /workspace/rpg_vikit/vikit_common/lib/libvikit_common.so)
==92627==    by 0x4888055: svo::frame_utils::createImgPyramid(cv::Mat const&, int, std::vector<cv::Mat, std::allocator<cv::Mat> >&) (in /workspace/rpg_svo/svo/lib/libsvo.so)
==92627==    by 0x48883AC: svo::Frame::Frame(vk::AbstractCamera*, cv::Mat const&, double) (in /workspace/rpg_svo/svo/lib/libsvo.so)
==92627==    by 0x487852F: svo::FrameHandlerMono::addImage(cv::Mat const&, double) (in /workspace/rpg_svo/svo/lib/libsvo.so)
==92627==    by 0x111761: svo::BenchmarkNodeKITTI::runFromFolder(std::__cxx11::basic_string<char, std::char_traits<char>, std::allocator<char> > const&, std::__cxx11::basic_string<char, std::char_traits<char>, std::allocator<char> > const&, int, int) (in /workspace/rpg_svo/svo/bin/test_pipeline_kitty)
==92627==    by 0x110C23: main (in /workspace/rpg_svo/svo/bin/test_pipeline_kitty)
==92627==  Address 0x128071b6 is 19 bytes after a block of size 1,843 alloc'd
==92627==    at 0x4846828: malloc (in /usr/libexec/valgrind/vgpreload_memcheck-amd64-linux.so)
==92627==    by 0x49A9628: cv::fastMalloc(unsigned long) (in /usr/lib/x86_64-linux-gnu/libopencv_core.so.4.6.0)
==92627==    by 0x4A7851B: ??? (in /usr/lib/x86_64-linux-gnu/libopencv_core.so.4.6.0)
==92627==    by 0x4A6E636: cv::Mat::create(int, int const*, int) (in /usr/lib/x86_64-linux-gnu/libopencv_core.so.4.6.0)
==92627==    by 0x4A6E98F: cv::Mat::create(int, int, int) (in /usr/lib/x86_64-linux-gnu/libopencv_core.so.4.6.0)
==92627==    by 0x4888030: svo::frame_utils::createImgPyramid(cv::Mat const&, int, std::vector<cv::Mat, std::allocator<cv::Mat> >&) (in /workspace/rpg_svo/svo/lib/libsvo.so)
==92627==    by 0x48883AC: svo::Frame::Frame(vk::AbstractCamera*, cv::Mat const&, double) (in /workspace/rpg_svo/svo/lib/libsvo.so)
==92627==    by 0x487852F: svo::FrameHandlerMono::addImage(cv::Mat const&, double) (in /workspace/rpg_svo/svo/lib/libsvo.so)
==92627==    by 0x111761: svo::BenchmarkNodeKITTI::runFromFolder(std::__cxx11::basic_string<char, std::char_traits<char>, std::allocator<char> > const&, std::__cxx11::basic_string<char, std::char_traits<char>, std::allocator<char> > const&, int, int) (in /workspace/rpg_svo/svo/bin/test_pipeline_kitty)
==92627==    by 0x110C23: main (in /workspace/rpg_svo/svo/bin/test_pipeline_kitty)
==92627== 
==92627== Invalid write of size 1
==92627==    at 0x4CB7E4A: vk::halfSample(cv::Mat const&, cv::Mat&) (in /workspace/rpg_vikit/vikit_common/lib/libvikit_common.so)
==92627==    by 0x4888055: svo::frame_utils::createImgPyramid(cv::Mat const&, int, std::vector<cv::Mat, std::allocator<cv::Mat> >&) (in /workspace/rpg_svo/svo/lib/libsvo.so)
==92627==    by 0x48883AC: svo::Frame::Frame(vk::AbstractCamera*, cv::Mat const&, double) (in /workspace/rpg_svo/svo/lib/libsvo.so)
==92627==    by 0x487852F: svo::FrameHandlerMono::addImage(cv::Mat const&, double) (in /workspace/rpg_svo/svo/lib/libsvo.so)
==92627==    by 0x111761: svo::BenchmarkNodeKITTI::runFromFolder(std::__cxx11::basic_string<char, std::char_traits<char>, std::allocator<char> > const&, std::__cxx11::basic_string<char, std::char_traits<char>, std::allocator<char> > const&, int, int) (in /workspace/rpg_svo/svo/bin/test_pipeline_kitty)
==92627==    by 0x110C23: main (in /workspace/rpg_svo/svo/bin/test_pipeline_kitty)
==92627==  Address 0x128071b7 is 20 bytes after a block of size 1,843 alloc'd
==92627==    at 0x4846828: malloc (in /usr/libexec/valgrind/vgpreload_memcheck-amd64-linux.so)
==92627==    by 0x49A9628: cv::fastMalloc(unsigned long) (in /usr/lib/x86_64-linux-gnu/libopencv_core.so.4.6.0)
==92627==    by 0x4A7851B: ??? (in /usr/lib/x86_64-linux-gnu/libopencv_core.so.4.6.0)
==92627==    by 0x4A6E636: cv::Mat::create(int, int const*, int) (in /usr/lib/x86_64-linux-gnu/libopencv_core.so.4.6.0)
==92627==    by 0x4A6E98F: cv::Mat::create(int, int, int) (in /usr/lib/x86_64-linux-gnu/libopencv_core.so.4.6.0)
==92627==    by 0x4888030: svo::frame_utils::createImgPyramid(cv::Mat const&, int, std::vector<cv::Mat, std::allocator<cv::Mat> >&) (in /workspace/rpg_svo/svo/lib/libsvo.so)
==92627==    by 0x48883AC: svo::Frame::Frame(vk::AbstractCamera*, cv::Mat const&, double) (in /workspace/rpg_svo/svo/lib/libsvo.so)
==92627==    by 0x487852F: svo::FrameHandlerMono::addImage(cv::Mat const&, double) (in /workspace/rpg_svo/svo/lib/libsvo.so)
==92627==    by 0x111761: svo::BenchmarkNodeKITTI::runFromFolder(std::__cxx11::basic_string<char, std::char_traits<char>, std::allocator<char> > const&, std::__cxx11::basic_string<char, std::char_traits<char>, std::allocator<char> > const&, int, int) (in /workspace/rpg_svo/svo/bin/test_pipeline_kitty)
==92627==    by 0x110C23: main (in /workspace/rpg_svo/svo/bin/test_pipeline_kitty)
==92627== 
==92736== Warning: invalid file descriptor 1048564 in syscall close()
==92736== Warning: invalid file descriptor 1048565 in syscall close()
==92736== Warning: invalid file descriptor 1048566 in syscall close()
==92736== Warning: invalid file descriptor 1048567 in syscall close()
==92736==    Use --log-fd=<number> to select an alternative log fd.
==92736== Warning: invalid file descriptor 1048568 in syscall close()
==92736== Warning: invalid file descriptor 1048569 in syscall close()
==92627== Invalid read of size 1
==92627==    at 0x4CB7D9D: vk::halfSample(cv::Mat const&, cv::Mat&) (in /workspace/rpg_vikit/vikit_common/lib/libvikit_common.so)
==92627==    by 0x4888055: svo::frame_utils::createImgPyramid(cv::Mat const&, int, std::vector<cv::Mat, std::allocator<cv::Mat> >&) (in /workspace/rpg_svo/svo/lib/libsvo.so)
==92627==    by 0x48883AC: svo::Frame::Frame(vk::AbstractCamera*, cv::Mat const&, double) (in /workspace/rpg_svo/svo/lib/libsvo.so)
==92627==    by 0x487852F: svo::FrameHandlerMono::addImage(cv::Mat const&, double) (in /workspace/rpg_svo/svo/lib/libsvo.so)
==92627==    by 0x111442: svo::BenchmarkNodeKITTI::runFromFolder(std::__cxx11::basic_string<char, std::char_traits<char>, std::allocator<char> > const&, std::__cxx11::basic_string<char, std::char_traits<char>, std::allocator<char> > const&, int, int) (in /workspace/rpg_svo/svo/bin/test_pipeline_kitty)
==92627==    by 0x110C23: main (in /workspace/rpg_svo/svo/bin/test_pipeline_kitty)
==92627==  Address 0x17ce1d71 is 1 bytes inside an unallocated block of size 624 in arena "client"
==92627== 
==92627== Invalid read of size 1
==92627==    at 0x4CB7DA5: vk::halfSample(cv::Mat const&, cv::Mat&) (in /workspace/rpg_vikit/vikit_common/lib/libvikit_common.so)
==92627==    by 0x4888055: svo::frame_utils::createImgPyramid(cv::Mat const&, int, std::vector<cv::Mat, std::allocator<cv::Mat> >&) (in /workspace/rpg_svo/svo/lib/libsvo.so)
==92627==    by 0x48883AC: svo::Frame::Frame(vk::AbstractCamera*, cv::Mat const&, double) (in /workspace/rpg_svo/svo/lib/libsvo.so)
==92627==    by 0x487852F: svo::FrameHandlerMono::addImage(cv::Mat const&, double) (in /workspace/rpg_svo/svo/lib/libsvo.so)
==92627==    by 0x111442: svo::BenchmarkNodeKITTI::runFromFolder(std::__cxx11::basic_string<char, std::char_traits<char>, std::allocator<char> > const&, std::__cxx11::basic_string<char, std::char_traits<char>, std::allocator<char> > const&, int, int) (in /workspace/rpg_svo/svo/bin/test_pipeline_kitty)
==92627==    by 0x110C23: main (in /workspace/rpg_svo/svo/bin/test_pipeline_kitty)
==92627==  Address 0x17ce1d70 is 0 bytes inside an unallocated block of size 624 in arena "client"
==92627== 
==92627== Invalid read of size 1
==92627==    at 0x4CB7DCF: vk::halfSample(cv::Mat const&, cv::Mat&) (in /workspace/rpg_vikit/vikit_common/lib/libvikit_common.so)
==92627==    by 0x4888055: svo::frame_utils::createImgPyramid(cv::Mat const&, int, std::vector<cv::Mat, std::allocator<cv::Mat> >&) (in /workspace/rpg_svo/svo/lib/libsvo.so)
==92627==    by 0x48883AC: svo::Frame::Frame(vk::AbstractCamera*, cv::Mat const&, double) (in /workspace/rpg_svo/svo/lib/libsvo.so)
==92627==    by 0x487852F: svo::FrameHandlerMono::addImage(cv::Mat const&, double) (in /workspace/rpg_svo/svo/lib/libsvo.so)
==92627==    by 0x111442: svo::BenchmarkNodeKITTI::runFromFolder(std::__cxx11::basic_string<char, std::char_traits<char>, std::allocator<char> > const&, std::__cxx11::basic_string<char, std::char_traits<char>, std::allocator<char> > const&, int, int) (in /workspace/rpg_svo/svo/bin/test_pipeline_kitty)
==92627==    by 0x110C23: main (in /workspace/rpg_svo/svo/bin/test_pipeline_kitty)
==92627==  Address 0x17ce1d72 is 2 bytes inside an unallocated block of size 624 in arena "client"
==92627== 
==92627== Invalid read of size 1
==92627==    at 0x4CB7DD7: vk::halfSample(cv::Mat const&, cv::Mat&) (in /workspace/rpg_vikit/vikit_common/lib/libvikit_common.so)
==92627==    by 0x4888055: svo::frame_utils::createImgPyramid(cv::Mat const&, int, std::vector<cv::Mat, std::allocator<cv::Mat> >&) (in /workspace/rpg_svo/svo/lib/libsvo.so)
==92627==    by 0x48883AC: svo::Frame::Frame(vk::AbstractCamera*, cv::Mat const&, double) (in /workspace/rpg_svo/svo/lib/libsvo.so)
==92627==    by 0x487852F: svo::FrameHandlerMono::addImage(cv::Mat const&, double) (in /workspace/rpg_svo/svo/lib/libsvo.so)
==92627==    by 0x111442: svo::BenchmarkNodeKITTI::runFromFolder(std::__cxx11::basic_string<char, std::char_traits<char>, std::allocator<char> > const&, std::__cxx11::basic_string<char, std::char_traits<char>, std::allocator<char> > const&, int, int) (in /workspace/rpg_svo/svo/bin/test_pipeline_kitty)
==92627==    by 0x110C23: main (in /workspace/rpg_svo/svo/bin/test_pipeline_kitty)
==92627==  Address 0x17ce1d73 is 3 bytes inside an unallocated block of size 624 in arena "client"
==92627== 
==92627== Invalid read of size 1
==92627==    at 0x4CB7E01: vk::halfSample(cv::Mat const&, cv::Mat&) (in /workspace/rpg_vikit/vikit_common/lib/libvikit_common.so)
==92627==    by 0x4888055: svo::frame_utils::createImgPyramid(cv::Mat const&, int, std::vector<cv::Mat, std::allocator<cv::Mat> >&) (in /workspace/rpg_svo/svo/lib/libsvo.so)
==92627==    by 0x48883AC: svo::Frame::Frame(vk::AbstractCamera*, cv::Mat const&, double) (in /workspace/rpg_svo/svo/lib/libsvo.so)
==92627==    by 0x487852F: svo::FrameHandlerMono::addImage(cv::Mat const&, double) (in /workspace/rpg_svo/svo/lib/libsvo.so)
==92627==    by 0x111442: svo::BenchmarkNodeKITTI::runFromFolder(std::__cxx11::basic_string<char, std::char_traits<char>, std::allocator<char> > const&, std::__cxx11::basic_string<char, std::char_traits<char>, std::allocator<char> > const&, int, int) (in /workspace/rpg_svo/svo/bin/test_pipeline_kitty)
==92627==    by 0x110C23: main (in /workspace/rpg_svo/svo/bin/test_pipeline_kitty)
==92627==  Address 0x17ce1d74 is 4 bytes inside an unallocated block of size 624 in arena "client"
==92627== 
==92627== Invalid read of size 1
==92627==    at 0x4CB7E09: vk::halfSample(cv::Mat const&, cv::Mat&) (in /workspace/rpg_vikit/vikit_common/lib/libvikit_common.so)
==92627==    by 0x4888055: svo::frame_utils::createImgPyramid(cv::Mat const&, int, std::vector<cv::Mat, std::allocator<cv::Mat> >&) (in /workspace/rpg_svo/svo/lib/libsvo.so)
==92627==    by 0x48883AC: svo::Frame::Frame(vk::AbstractCamera*, cv::Mat const&, double) (in /workspace/rpg_svo/svo/lib/libsvo.so)
==92627==    by 0x487852F: svo::FrameHandlerMono::addImage(cv::Mat const&, double) (in /workspace/rpg_svo/svo/lib/libsvo.so)
==92627==    by 0x111442: svo::BenchmarkNodeKITTI::runFromFolder(std::__cxx11::basic_string<char, std::char_traits<char>, std::allocator<char> > const&, std::__cxx11::basic_string<char, std::char_traits<char>, std::allocator<char> > const&, int, int) (in /workspace/rpg_svo/svo/bin/test_pipeline_kitty)
==92627==    by 0x110C23: main (in /workspace/rpg_svo/svo/bin/test_pipeline_kitty)
==92627==  Address 0x17ce1d75 is 5 bytes inside an unallocated block of size 624 in arena "client"
==92627== 
==92627== Invalid read of size 1
==92627==    at 0x4CB7E2F: vk::halfSample(cv::Mat const&, cv::Mat&) (in /workspace/rpg_vikit/vikit_common/lib/libvikit_common.so)
==92627==    by 0x4888055: svo::frame_utils::createImgPyramid(cv::Mat const&, int, std::vector<cv::Mat, std::allocator<cv::Mat> >&) (in /workspace/rpg_svo/svo/lib/libsvo.so)
==92627==    by 0x48883AC: svo::Frame::Frame(vk::AbstractCamera*, cv::Mat const&, double) (in /workspace/rpg_svo/svo/lib/libsvo.so)
==92627==    by 0x487852F: svo::FrameHandlerMono::addImage(cv::Mat const&, double) (in /workspace/rpg_svo/svo/lib/libsvo.so)
==92627==    by 0x111442: svo::BenchmarkNodeKITTI::runFromFolder(std::__cxx11::basic_string<char, std::char_traits<char>, std::allocator<char> > const&, std::__cxx11::basic_string<char, std::char_traits<char>, std::allocator<char> > const&, int, int) (in /workspace/rpg_svo/svo/bin/test_pipeline_kitty)
==92627==    by 0x110C23: main (in /workspace/rpg_svo/svo/bin/test_pipeline_kitty)
==92627==  Address 0x17ce1d77 is 7 bytes inside an unallocated block of size 624 in arena "client"
==92627== 
==92627== Invalid read of size 1
==92627==    at 0x4CB7E37: vk::halfSample(cv::Mat const&, cv::Mat&) (in /workspace/rpg_vikit/vikit_common/lib/libvikit_common.so)
==92627==    by 0x4888055: svo::frame_utils::createImgPyramid(cv::Mat const&, int, std::vector<cv::Mat, std::allocator<cv::Mat> >&) (in /workspace/rpg_svo/svo/lib/libsvo.so)
==92627==    by 0x48883AC: svo::Frame::Frame(vk::AbstractCamera*, cv::Mat const&, double) (in /workspace/rpg_svo/svo/lib/libsvo.so)
==92627==    by 0x487852F: svo::FrameHandlerMono::addImage(cv::Mat const&, double) (in /workspace/rpg_svo/svo/lib/libsvo.so)
==92627==    by 0x111442: svo::BenchmarkNodeKITTI::runFromFolder(std::__cxx11::basic_string<char, std::char_traits<char>, std::allocator<char> > const&, std::__cxx11::basic_string<char, std::char_traits<char>, std::allocator<char> > const&, int, int) (in /workspace/rpg_svo/svo/bin/test_pipeline_kitty)
==92627==    by 0x110C23: main (in /workspace/rpg_svo/svo/bin/test_pipeline_kitty)
==92627==  Address 0x17ce1d76 is 6 bytes inside an unallocated block of size 624 in arena "client"
==92627== 
==92627== Invalid write of size 8
==92627==    at 0x4CB7AF9: vk::halfSample(cv::Mat const&, cv::Mat&) (in /workspace/rpg_vikit/vikit_common/lib/libvikit_common.so)
==92627==    by 0x4888055: svo::frame_utils::createImgPyramid(cv::Mat const&, int, std::vector<cv::Mat, std::allocator<cv::Mat> >&) (in /workspace/rpg_svo/svo/lib/libsvo.so)
==92627==    by 0x48883AC: svo::Frame::Frame(vk::AbstractCamera*, cv::Mat const&, double) (in /workspace/rpg_svo/svo/lib/libsvo.so)
==92627==    by 0x487852F: svo::FrameHandlerMono::addImage(cv::Mat const&, double) (in /workspace/rpg_svo/svo/lib/libsvo.so)
==92627==    by 0x111442: svo::BenchmarkNodeKITTI::runFromFolder(std::__cxx11::basic_string<char, std::char_traits<char>, std::allocator<char> > const&, std::__cxx11::basic_string<char, std::char_traits<char>, std::allocator<char> > const&, int, int) (in /workspace/rpg_svo/svo/bin/test_pipeline_kitty)
==92627==    by 0x110C23: main (in /workspace/rpg_svo/svo/bin/test_pipeline_kitty)
==92627==  Address 0x129b1ad3 is 0 bytes after a block of size 1,843 alloc'd
==92627==    at 0x4846828: malloc (in /usr/libexec/valgrind/vgpreload_memcheck-amd64-linux.so)
==92627==    by 0x49A9628: cv::fastMalloc(unsigned long) (in /usr/lib/x86_64-linux-gnu/libopencv_core.so.4.6.0)
==92627==    by 0x4A7851B: ??? (in /usr/lib/x86_64-linux-gnu/libopencv_core.so.4.6.0)
==92627==    by 0x4A6E636: cv::Mat::create(int, int const*, int) (in /usr/lib/x86_64-linux-gnu/libopencv_core.so.4.6.0)
==92627==    by 0x4A6E98F: cv::Mat::create(int, int, int) (in /usr/lib/x86_64-linux-gnu/libopencv_core.so.4.6.0)
==92627==    by 0x4888030: svo::frame_utils::createImgPyramid(cv::Mat const&, int, std::vector<cv::Mat, std::allocator<cv::Mat> >&) (in /workspace/rpg_svo/svo/lib/libsvo.so)
==92627==    by 0x48883AC: svo::Frame::Frame(vk::AbstractCamera*, cv::Mat const&, double) (in /workspace/rpg_svo/svo/lib/libsvo.so)
==92627==    by 0x487852F: svo::FrameHandlerMono::addImage(cv::Mat const&, double) (in /workspace/rpg_svo/svo/lib/libsvo.so)
==92627==    by 0x111442: svo::BenchmarkNodeKITTI::runFromFolder(std::__cxx11::basic_string<char, std::char_traits<char>, std::allocator<char> > const&, std::__cxx11::basic_string<char, std::char_traits<char>, std::allocator<char> > const&, int, int) (in /workspace/rpg_svo/svo/bin/test_pipeline_kitty)
==92627==    by 0x110C23: main (in /workspace/rpg_svo/svo/bin/test_pipeline_kitty)
==92627== 
--92627-- VALGRIND INTERNAL ERROR: Valgrind received a signal 11 (SIGSEGV) - exiting
--92627-- si_code=128;  Faulting address: 0x0;  sp: 0x10091adde0

valgrind: the 'impossible' happened:
   Killed by fatal signal

host stacktrace:
==92627==    at 0x5804CD0A: ??? (in /usr/libexec/valgrind/memcheck-amd64-linux)
==92627==    by 0x5804F3E2: ??? (in /usr/libexec/valgrind/memcheck-amd64-linux)
==92627==    by 0x5800525C: ??? (in /usr/libexec/valgrind/memcheck-amd64-linux)
==92627==    by 0x5800544D: ??? (in /usr/libexec/valgrind/memcheck-amd64-linux)
==92627==    by 0x5809E9C8: ??? (in /usr/libexec/valgrind/memcheck-amd64-linux)
==92627==    by 0x580EB087: ??? (in /usr/libexec/valgrind/memcheck-amd64-linux)

sched status:
  running_tid=1

Thread 1: status = VgTs_Runnable (lwpid 92627)
==92627==    at 0x4846828: malloc (in /usr/libexec/valgrind/vgpreload_memcheck-amd64-linux.so)
==92627==    by 0x49A9628: cv::fastMalloc(unsigned long) (in /usr/lib/x86_64-linux-gnu/libopencv_core.so.4.6.0)
==92627==    by 0x4A7851B: ??? (in /usr/lib/x86_64-linux-gnu/libopencv_core.so.4.6.0)
==92627==    by 0x4A6E636: cv::Mat::create(int, int const*, int) (in /usr/lib/x86_64-linux-gnu/libopencv_core.so.4.6.0)
==92627==    by 0x4A6E98F: cv::Mat::create(int, int, int) (in /usr/lib/x86_64-linux-gnu/libopencv_core.so.4.6.0)
==92627==    by 0x48B0817: svo::SparseImgAlign::run(boost::shared_ptr<svo::Frame>, boost::shared_ptr<svo::Frame>) (in /workspace/rpg_svo/svo/lib/libsvo.so)
==92627==    by 0x4879289: svo::FrameHandlerMono::relocalizeFrame(Sophus::SE3 const&, boost::shared_ptr<svo::Frame>) (in /workspace/rpg_svo/svo/lib/libsvo.so)
==92627==    by 0x4878AF3: svo::FrameHandlerMono::addImage(cv::Mat const&, double) (in /workspace/rpg_svo/svo/lib/libsvo.so)
==92627==    by 0x111442: svo::BenchmarkNodeKITTI::runFromFolder(std::__cxx11::basic_string<char, std::char_traits<char>, std::allocator<char> > const&, std::__cxx11::basic_string<char, std::char_traits<char>, std::allocator<char> > const&, int, int) (in /workspace/rpg_svo/svo/bin/test_pipeline_kitty)
==92627==    by 0x110C23: main (in /workspace/rpg_svo/svo/bin/test_pipeline_kitty)
client stack range: [0x1FFEFE8000 0x1FFF000FFF] client SP: 0x1FFEFFF8D0
valgrind stack range: [0x10090AE000 0x10091ADFFF] top usage: 18232 of 1048576

Thread 2: status = VgTs_WaitSys syscall 202 (lwpid 92661)
==92627==    at 0x50E028D: syscall (syscall.S:38)
==92627==    by 0x8156FDB: ??? (in /usr/lib/x86_64-linux-gnu/libtbb.so.12.11)
==92627==    by 0x5055AA3: start_thread (pthread_create.c:447)
==92627==    by 0x50E2A63: clone (clone.S:100)
client stack range: [0x132D8000 0x136D6FFF] client SP: 0x136D5F48
valgrind stack range: [0x100CFAF000 0x100D0AEFFF] top usage: 3640 of 1048576

Thread 3: status = VgTs_WaitSys syscall 202 (lwpid 92662)
==92627==    at 0x50E028D: syscall (syscall.S:38)
==92627==    by 0x8156FDB: ??? (in /usr/lib/x86_64-linux-gnu/libtbb.so.12.11)
==92627==    by 0x5055AA3: start_thread (pthread_create.c:447)
==92627==    by 0x50E2A63: clone (clone.S:100)
client stack range: [0x136D9000 0x13AD7FFF] client SP: 0x13AD6F48
valgrind stack range: [0x100D1F0000 0x100D2EFFFF] top usage: 5624 of 1048576

Thread 4: status = VgTs_WaitSys syscall 202 (lwpid 92682)
==92627==    at 0x50E028D: syscall (syscall.S:38)
==92627==    by 0x8156FDB: ??? (in /usr/lib/x86_64-linux-gnu/libtbb.so.12.11)
==92627==    by 0x5055AA3: start_thread (pthread_create.c:447)
==92627==    by 0x50E2A63: clone (clone.S:100)
client stack range: [0x13ADA000 0x13ED8FFF] client SP: 0x13ED7F48
valgrind stack range: [0x1010E36000 0x1010F35FFF] top usage: 6272 of 1048576

Thread 5: status = VgTs_WaitSys syscall 202 (lwpid 92683)
==92627==    at 0x50E028D: syscall (syscall.S:38)
==92627==    by 0x8156FDB: ??? (in /usr/lib/x86_64-linux-gnu/libtbb.so.12.11)
==92627==    by 0x5055AA3: start_thread (pthread_create.c:447)
==92627==    by 0x50E2A63: clone (clone.S:100)
client stack range: [0x13EDB000 0x142D9FFF] client SP: 0x142D8F48
valgrind stack range: [0x101103A000 0x1011139FFF] top usage: 5624 of 1048576

Thread 6: status = VgTs_WaitSys syscall 202 (lwpid 92684)
==92627==    at 0x50E028D: syscall (syscall.S:38)
==92627==    by 0x8156FDB: ??? (in /usr/lib/x86_64-linux-gnu/libtbb.so.12.11)
==92627==    by 0x5055AA3: start_thread (pthread_create.c:447)
==92627==    by 0x50E2A63: clone (clone.S:100)
client stack range: [0x142DC000 0x146DAFFF] client SP: 0x146D9F48
valgrind stack range: [0x101123E000 0x101133DFFF] top usage: 5624 of 1048576

Thread 7: status = VgTs_WaitSys syscall 202 (lwpid 92685)
==92627==    at 0x50E028D: syscall (syscall.S:38)
==92627==    by 0x8156FDB: ??? (in /usr/lib/x86_64-linux-gnu/libtbb.so.12.11)
==92627==    by 0x5055AA3: start_thread (pthread_create.c:447)
==92627==    by 0x50E2A63: clone (clone.S:100)
client stack range: [0x146DD000 0x14ADBFFF] client SP: 0x14ADAF48
valgrind stack range: [0x1011442000 0x1011541FFF] top usage: 6768 of 1048576

Thread 8: status = VgTs_WaitSys syscall 202 (lwpid 92686)
==92627==    at 0x50E028D: syscall (syscall.S:38)
==92627==    by 0x8156FDB: ??? (in /usr/lib/x86_64-linux-gnu/libtbb.so.12.11)
==92627==    by 0x5055AA3: start_thread (pthread_create.c:447)
==92627==    by 0x50E2A63: clone (clone.S:100)
client stack range: [0x14ADE000 0x14EDCFFF] client SP: 0x14EDBF48
valgrind stack range: [0x1011646000 0x1011745FFF] top usage: 3304 of 1048576

Thread 9: status = VgTs_WaitSys syscall 202 (lwpid 92687)
==92627==    at 0x50E028D: syscall (syscall.S:38)
==92627==    by 0x8156FDB: ??? (in /usr/lib/x86_64-linux-gnu/libtbb.so.12.11)
==92627==    by 0x5055AA3: start_thread (pthread_create.c:447)
==92627==    by 0x50E2A63: clone (clone.S:100)
client stack range: [0x14EDF000 0x152DDFFF] client SP: 0x152DCF48
valgrind stack range: [0x101184A000 0x1011949FFF] top usage: 3304 of 1048576

Thread 10: status = VgTs_WaitSys syscall 202 (lwpid 92688)
==92627==    at 0x50E028D: syscall (syscall.S:38)
==92627==    by 0x8156FDB: ??? (in /usr/lib/x86_64-linux-gnu/libtbb.so.12.11)
==92627==    by 0x5055AA3: start_thread (pthread_create.c:447)
==92627==    by 0x50E2A63: clone (clone.S:100)
client stack range: [0x152E0000 0x156DEFFF] client SP: 0x156DDF48
valgrind stack range: [0x1011A4E000 0x1011B4DFFF] top usage: 3304 of 1048576

Thread 11: status = VgTs_WaitSys syscall 202 (lwpid 92689)
==92627==    at 0x50E028D: syscall (syscall.S:38)
==92627==    by 0x8156FDB: ??? (in /usr/lib/x86_64-linux-gnu/libtbb.so.12.11)
==92627==    by 0x5055AA3: start_thread (pthread_create.c:447)
==92627==    by 0x50E2A63: clone (clone.S:100)
client stack range: [0x156E1000 0x15ADFFFF] client SP: 0x15ADEF48
valgrind stack range: [0x1012056000 0x1012155FFF] top usage: 3304 of 1048576

Thread 12: status = VgTs_WaitSys syscall 202 (lwpid 92690)
==92627==    at 0x50E028D: syscall (syscall.S:38)
==92627==    by 0x8156FDB: ??? (in /usr/lib/x86_64-linux-gnu/libtbb.so.12.11)
==92627==    by 0x5055AA3: start_thread (pthread_create.c:447)
==92627==    by 0x50E2A63: clone (clone.S:100)
client stack range: [0x15AE2000 0x15EE0FFF] client SP: 0x15EDFF48
valgrind stack range: [0x101265A000 0x1012759FFF] top usage: 3432 of 1048576

Thread 13: status = VgTs_WaitSys syscall 202 (lwpid 92691)
==92627==    at 0x5051D71: __futex_abstimed_wait_common64 (futex-internal.c:57)
==92627==    by 0x5051D71: __futex_abstimed_wait_common (futex-internal.c:87)
==92627==    by 0x5051D71: __futex_abstimed_wait_cancelable64 (futex-internal.c:139)
==92627==    by 0x50547EC: __pthread_cond_wait_common (pthread_cond_wait.c:503)
==92627==    by 0x50547EC: pthread_cond_wait@@GLIBC_2.3.2 (pthread_cond_wait.c:627)
==92627==    by 0x48A7FAA: svo::DepthFilter::updateSeedsLoop() (in /workspace/rpg_svo/svo/lib/libsvo.so)
==92627==    by 0x51F499E: ??? (in /usr/lib/x86_64-linux-gnu/libboost_thread.so.1.83.0)
==92627==    by 0x5055AA3: start_thread (pthread_create.c:447)
==92627==    by 0x50E2A63: clone (clone.S:100)
client stack range: [0x15EE3000 0x166E1FFF] client SP: 0x166E0D40
valgrind stack range: [0x1012D66000 0x1012E65FFF] top usage: 3952 of 1048576

Thread 14: status = VgTs_WaitSys syscall 7 (lwpid 92714)
==92627==    at 0x50D44FD: poll (poll.c:29)
==92627==    by 0xEE398C9: ??? (in /usr/lib/x86_64-linux-gnu/libxcb.so.1.1.0)
==92627==    by 0xEE3B28B: xcb_wait_for_event (in /usr/lib/x86_64-linux-gnu/libxcb.so.1.1.0)
==92627==    by 0x16B69B9F: ??? (in /usr/lib/x86_64-linux-gnu/libQt5XcbQpa.so.5.15.13)
==92627==    by 0x92CE673: ??? (in /usr/lib/x86_64-linux-gnu/libQt5Core.so.5.15.13)
==92627==    by 0x5055AA3: start_thread (pthread_create.c:447)
==92627==    by 0x50E2A63: clone (clone.S:100)
client stack range: [0x170CE000 0x178CCFFF] client SP: 0x178CBDA0
valgrind stack range: [0x101369F000 0x101379EFFF] top usage: 7792 of 1048576

Thread 15: status = VgTs_WaitSys syscall 7 (lwpid 92735)
==92627==    at 0x50D44FD: poll (poll.c:29)
==92627==    by 0xE0058CD: ??? (in /usr/lib/x86_64-linux-gnu/libglib-2.0.so.0.8000.0)
==92627==    by 0xDFA5A22: g_main_context_iteration (in /usr/lib/x86_64-linux-gnu/libglib-2.0.so.0.8000.0)
==92627==    by 0x9528278: QEventDispatcherGlib::processEvents(QFlags<QEventLoop::ProcessEventsFlag>) (in /usr/lib/x86_64-linux-gnu/libQt5Core.so.5.15.13)
==92627==    by 0x94C9A7A: QEventLoop::exec(QFlags<QEventLoop::ProcessEventsFlag>) (in /usr/lib/x86_64-linux-gnu/libQt5Core.so.5.15.13)
==92627==    by 0x92CD36A: QThread::exec() (in /usr/lib/x86_64-linux-gnu/libQt5Core.so.5.15.13)
==92627==    by 0x16C8715A: ??? (in /usr/lib/x86_64-linux-gnu/libQt5DBus.so.5.15.13)
==92627==    by 0x92CE673: ??? (in /usr/lib/x86_64-linux-gnu/libQt5Core.so.5.15.13)
==92627==    by 0x5055AA3: start_thread (pthread_create.c:447)
==92627==    by 0x50E2A63: clone (clone.S:100)
client stack range: [0x17D6F000 0x1856DFFF] client SP: 0x1856CD30
valgrind stack range: [0x1015FF4000 0x10160F3FFF] top usage: 7792 of 1048576

Thread 16: status = VgTs_WaitSys syscall 202 (lwpid 92777)
==92627==    at 0x5051D71: __futex_abstimed_wait_common64 (futex-internal.c:57)
==92627==    by 0x5051D71: __futex_abstimed_wait_common (futex-internal.c:87)
==92627==    by 0x5051D71: __futex_abstimed_wait_cancelable64 (futex-internal.c:139)
==92627==    by 0x50547EC: __pthread_cond_wait_common (pthread_cond_wait.c:503)
==92627==    by 0x50547EC: pthread_cond_wait@@GLIBC_2.3.2 (pthread_cond_wait.c:627)
==92627==    by 0x19473EDC: ??? (in /usr/lib/x86_64-linux-gnu/libgallium-25.2.8-0ubuntu0.24.04.1.so)
==92627==    by 0x1943FFBA: ??? (in /usr/lib/x86_64-linux-gnu/libgallium-25.2.8-0ubuntu0.24.04.1.so)
==92627==    by 0x19473E0B: ??? (in /usr/lib/x86_64-linux-gnu/libgallium-25.2.8-0ubuntu0.24.04.1.so)
==92627==    by 0x5055AA3: start_thread (pthread_create.c:447)
==92627==    by 0x50E2A63: clone (clone.S:100)
client stack range: [0x244B7000 0x24CB5FFF] client SP: 0x24CB4D30
valgrind stack range: [0x10168F3000 0x10169F2FFF] top usage: 3592 of 1048576

Thread 17: status = VgTs_WaitSys syscall 202 (lwpid 92778)
==92627==    at 0x5051D71: __futex_abstimed_wait_common64 (futex-internal.c:57)
==92627==    by 0x5051D71: __futex_abstimed_wait_common (futex-internal.c:87)
==92627==    by 0x5051D71: __futex_abstimed_wait_cancelable64 (futex-internal.c:139)
==92627==    by 0x50547EC: __pthread_cond_wait_common (pthread_cond_wait.c:503)
==92627==    by 0x50547EC: pthread_cond_wait@@GLIBC_2.3.2 (pthread_cond_wait.c:627)
==92627==    by 0x19473EDC: ??? (in /usr/lib/x86_64-linux-gnu/libgallium-25.2.8-0ubuntu0.24.04.1.so)
==92627==    by 0x1943FFBA: ??? (in /usr/lib/x86_64-linux-gnu/libgallium-25.2.8-0ubuntu0.24.04.1.so)
==92627==    by 0x19473E0B: ??? (in /usr/lib/x86_64-linux-gnu/libgallium-25.2.8-0ubuntu0.24.04.1.so)
==92627==    by 0x5055AA3: start_thread (pthread_create.c:447)
==92627==    by 0x50E2A63: clone (clone.S:100)
client stack range: [0x24DF9000 0x255F7FFF] client SP: 0x255F6D30
valgrind stack range: [0x101A99A000 0x101AA99FFF] top usage: 3608 of 1048576

Thread 18: status = VgTs_WaitSys syscall 202 (lwpid 92786)
==92627==    at 0x5051D71: __futex_abstimed_wait_common64 (futex-internal.c:57)
==92627==    by 0x5051D71: __futex_abstimed_wait_common (futex-internal.c:87)
==92627==    by 0x5051D71: __futex_abstimed_wait_cancelable64 (futex-internal.c:139)
==92627==    by 0x50547EC: __pthread_cond_wait_common (pthread_cond_wait.c:503)
==92627==    by 0x50547EC: pthread_cond_wait@@GLIBC_2.3.2 (pthread_cond_wait.c:627)
==92627==    by 0x19473EDC: ??? (in /usr/lib/x86_64-linux-gnu/libgallium-25.2.8-0ubuntu0.24.04.1.so)
==92627==    by 0x1943FFBA: ??? (in /usr/lib/x86_64-linux-gnu/libgallium-25.2.8-0ubuntu0.24.04.1.so)
==92627==    by 0x19473E0B: ??? (in /usr/lib/x86_64-linux-gnu/libgallium-25.2.8-0ubuntu0.24.04.1.so)
==92627==    by 0x5055AA3: start_thread (pthread_create.c:447)
==92627==    by 0x50E2A63: clone (clone.S:100)
client stack range: [0x255FA000 0x25DF8FFF] client SP: 0x25DF7D30
valgrind stack range: [0x101AC9E000 0x101AD9DFFF] top usage: 3304 of 1048576

Thread 19: status = VgTs_WaitSys syscall 202 (lwpid 92787)
==92627==    at 0x5051D71: __futex_abstimed_wait_common64 (futex-internal.c:57)
==92627==    by 0x5051D71: __futex_abstimed_wait_common (futex-internal.c:87)
==92627==    by 0x5051D71: __futex_abstimed_wait_cancelable64 (futex-internal.c:139)
==92627==    by 0x50547EC: __pthread_cond_wait_common (pthread_cond_wait.c:503)
==92627==    by 0x50547EC: pthread_cond_wait@@GLIBC_2.3.2 (pthread_cond_wait.c:627)
==92627==    by 0x19473EDC: ??? (in /usr/lib/x86_64-linux-gnu/libgallium-25.2.8-0ubuntu0.24.04.1.so)
==92627==    by 0x1943FFBA: ??? (in /usr/lib/x86_64-linux-gnu/libgallium-25.2.8-0ubuntu0.24.04.1.so)
==92627==    by 0x19473E0B: ??? (in /usr/lib/x86_64-linux-gnu/libgallium-25.2.8-0ubuntu0.24.04.1.so)
==92627==    by 0x5055AA3: start_thread (pthread_create.c:447)
==92627==    by 0x50E2A63: clone (clone.S:100)
client stack range: [0x25DFB000 0x265F9FFF] client SP: 0x265F8D30
valgrind stack range: [0x101AFA2000 0x101B0A1FFF] top usage: 3304 of 1048576

Thread 20: status = VgTs_WaitSys syscall 202 (lwpid 92788)
==92627==    at 0x5051D71: __futex_abstimed_wait_common64 (futex-internal.c:57)
==92627==    by 0x5051D71: __futex_abstimed_wait_common (futex-internal.c:87)
==92627==    by 0x5051D71: __futex_abstimed_wait_cancelable64 (futex-internal.c:139)
==92627==    by 0x50547EC: __pthread_cond_wait_common (pthread_cond_wait.c:503)
==92627==    by 0x50547EC: pthread_cond_wait@@GLIBC_2.3.2 (pthread_cond_wait.c:627)
==92627==    by 0x19473EDC: ??? (in /usr/lib/x86_64-linux-gnu/libgallium-25.2.8-0ubuntu0.24.04.1.so)
==92627==    by 0x1943FFBA: ??? (in /usr/lib/x86_64-linux-gnu/libgallium-25.2.8-0ubuntu0.24.04.1.so)
==92627==    by 0x19473E0B: ??? (in /usr/lib/x86_64-linux-gnu/libgallium-25.2.8-0ubuntu0.24.04.1.so)
==92627==    by 0x5055AA3: start_thread (pthread_create.c:447)
==92627==    by 0x50E2A63: clone (clone.S:100)
client stack range: [0x26DFC000 0x275FAFFF] client SP: 0x275F9D30
valgrind stack range: [0x101B2C6000 0x101B3C5FFF] top usage: 4192 of 1048576

Thread 21: status = VgTs_WaitSys syscall 202 (lwpid 92789)
==92627==    at 0x5051D71: __futex_abstimed_wait_common64 (futex-internal.c:57)
==92627==    by 0x5051D71: __futex_abstimed_wait_common (futex-internal.c:87)
==92627==    by 0x5051D71: __futex_abstimed_wait_cancelable64 (futex-internal.c:139)
==92627==    by 0x50547EC: __pthread_cond_wait_common (pthread_cond_wait.c:503)
==92627==    by 0x50547EC: pthread_cond_wait@@GLIBC_2.3.2 (pthread_cond_wait.c:627)
==92627==    by 0x19473EDC: ??? (in /usr/lib/x86_64-linux-gnu/libgallium-25.2.8-0ubuntu0.24.04.1.so)
==92627==    by 0x1943FFBA: ??? (in /usr/lib/x86_64-linux-gnu/libgallium-25.2.8-0ubuntu0.24.04.1.so)
==92627==    by 0x19473E0B: ??? (in /usr/lib/x86_64-linux-gnu/libgallium-25.2.8-0ubuntu0.24.04.1.so)
==92627==    by 0x5055AA3: start_thread (pthread_create.c:447)
==92627==    by 0x50E2A63: clone (clone.S:100)
client stack range: [0x275FD000 0x27DFBFFF] client SP: 0x27DFAD30
valgrind stack range: [0x101B5E2000 0x101B6E1FFF] top usage: 3304 of 1048576

Thread 22: status = VgTs_WaitSys syscall 202 (lwpid 92790)
==92627==    at 0x5051D71: __futex_abstimed_wait_common64 (futex-internal.c:57)
==92627==    by 0x5051D71: __futex_abstimed_wait_common (futex-internal.c:87)
==92627==    by 0x5051D71: __futex_abstimed_wait_cancelable64 (futex-internal.c:139)
==92627==    by 0x50547EC: __pthread_cond_wait_common (pthread_cond_wait.c:503)
==92627==    by 0x50547EC: pthread_cond_wait@@GLIBC_2.3.2 (pthread_cond_wait.c:627)
==92627==    by 0x19473EDC: ??? (in /usr/lib/x86_64-linux-gnu/libgallium-25.2.8-0ubuntu0.24.04.1.so)
==92627==    by 0x1943FFBA: ??? (in /usr/lib/x86_64-linux-gnu/libgallium-25.2.8-0ubuntu0.24.04.1.so)
==92627==    by 0x19473E0B: ??? (in /usr/lib/x86_64-linux-gnu/libgallium-25.2.8-0ubuntu0.24.04.1.so)
==92627==    by 0x5055AA3: start_thread (pthread_create.c:447)
==92627==    by 0x50E2A63: clone (clone.S:100)
client stack range: [0x27DFE000 0x285FCFFF] client SP: 0x285FBD30
valgrind stack range: [0x101B8F6000 0x101B9F5FFF] top usage: 3304 of 1048576


Note: see also the FAQ in the source distribution.
It contains workarounds to several common problems.
In particular, if Valgrind aborted or crashed after
identifying problems in your program, there's a good chance
that fixing those problems will prevent Valgrind aborting or
crashing, especially if it happened in m_mallocfree.c.

If that doesn't help, please report this bug to: www.valgrind.org

In the bug report, send all the above text, the valgrind
version, and what OS and version you are using.  Thanks.

