==94701== Memcheck, a memory error detector
==94701== Copyright (C) 2002-2022, and GNU GPL'd, by Julian Seward et al.
==94701== Using Valgrind-3.22.0 and LibVEX; rerun with -h for copyright info
==94701== Command: /workspace/rpg_svo/svo/bin/test_pipeline_kitty /workspace/kitti/dataset/sequences/00 0 100
==94701== Parent PID: 1
==94701== 
==94701== Invalid read of size 16
==94701==    at 0x4CB7AFE: vk::halfSample(cv::Mat const&, cv::Mat&) (in /workspace/rpg_vikit/vikit_common/lib/libvikit_common.so)
==94701==    by 0x4888055: svo::frame_utils::createImgPyramid(cv::Mat const&, int, std::vector<cv::Mat, std::allocator<cv::Mat> >&) (in /workspace/rpg_svo/svo/lib/libsvo.so)
==94701==    by 0x48883AC: svo::Frame::Frame(vk::AbstractCamera*, cv::Mat const&, double) (in /workspace/rpg_svo/svo/lib/libsvo.so)
==94701==    by 0x487852F: svo::FrameHandlerMono::addImage(cv::Mat const&, double) (in /workspace/rpg_svo/svo/lib/libsvo.so)
==94701==    by 0x111761: svo::BenchmarkNodeKITTI::runFromFolder(std::__cxx11::basic_string<char, std::char_traits<char>, std::allocator<char> > const&, std::__cxx11::basic_string<char, std::char_traits<char>, std::allocator<char> > const&, int, int) (in /workspace/rpg_svo/svo/bin/test_pipeline_kitty)
==94701==    by 0x110C23: main (in /workspace/rpg_svo/svo/bin/test_pipeline_kitty)
==94701==  Address 0x12805ebe is 7,342 bytes inside a block of size 7,357 alloc'd
==94701==    at 0x4846828: malloc (in /usr/libexec/valgrind/vgpreload_memcheck-amd64-linux.so)
==94701==    by 0x49A9628: cv::fastMalloc(unsigned long) (in /usr/lib/x86_64-linux-gnu/libopencv_core.so.4.6.0)
==94701==    by 0x4A7851B: ??? (in /usr/lib/x86_64-linux-gnu/libopencv_core.so.4.6.0)
==94701==    by 0x4A6E636: cv::Mat::create(int, int const*, int) (in /usr/lib/x86_64-linux-gnu/libopencv_core.so.4.6.0)
==94701==    by 0x4A6E98F: cv::Mat::create(int, int, int) (in /usr/lib/x86_64-linux-gnu/libopencv_core.so.4.6.0)
==94701==    by 0x4887FDF: svo::frame_utils::createImgPyramid(cv::Mat const&, int, std::vector<cv::Mat, std::allocator<cv::Mat> >&) (in /workspace/rpg_svo/svo/lib/libsvo.so)
==94701==    by 0x48883AC: svo::Frame::Frame(vk::AbstractCamera*, cv::Mat const&, double) (in /workspace/rpg_svo/svo/lib/libsvo.so)
==94701==    by 0x487852F: svo::FrameHandlerMono::addImage(cv::Mat const&, double) (in /workspace/rpg_svo/svo/lib/libsvo.so)
==94701==    by 0x111761: svo::BenchmarkNodeKITTI::runFromFolder(std::__cxx11::basic_string<char, std::char_traits<char>, std::allocator<char> > const&, std::__cxx11::basic_string<char, std::char_traits<char>, std::allocator<char> > const&, int, int) (in /workspace/rpg_svo/svo/bin/test_pipeline_kitty)
==94701==    by 0x110C23: main (in /workspace/rpg_svo/svo/bin/test_pipeline_kitty)
==94701== 
==94701== Invalid read of size 16
==94701==    at 0x4CB7B04: vk::halfSample(cv::Mat const&, cv::Mat&) (in /workspace/rpg_vikit/vikit_common/lib/libvikit_common.so)
==94701==    by 0x4888055: svo::frame_utils::createImgPyramid(cv::Mat const&, int, std::vector<cv::Mat, std::allocator<cv::Mat> >&) (in /workspace/rpg_svo/svo/lib/libsvo.so)
==94701==    by 0x48883AC: svo::Frame::Frame(vk::AbstractCamera*, cv::Mat const&, double) (in /workspace/rpg_svo/svo/lib/libsvo.so)
==94701==    by 0x487852F: svo::FrameHandlerMono::addImage(cv::Mat const&, double) (in /workspace/rpg_svo/svo/lib/libsvo.so)
==94701==    by 0x111761: svo::BenchmarkNodeKITTI::runFromFolder(std::__cxx11::basic_string<char, std::char_traits<char>, std::allocator<char> > const&, std::__cxx11::basic_string<char, std::char_traits<char>, std::allocator<char> > const&, int, int) (in /workspace/rpg_svo/svo/bin/test_pipeline_kitty)
==94701==    by 0x110C23: main (in /workspace/rpg_svo/svo/bin/test_pipeline_kitty)
==94701==  Address 0x12805ece is 1 bytes after a block of size 7,357 alloc'd
==94701==    at 0x4846828: malloc (in /usr/libexec/valgrind/vgpreload_memcheck-amd64-linux.so)
==94701==    by 0x49A9628: cv::fastMalloc(unsigned long) (in /usr/lib/x86_64-linux-gnu/libopencv_core.so.4.6.0)
==94701==    by 0x4A7851B: ??? (in /usr/lib/x86_64-linux-gnu/libopencv_core.so.4.6.0)
==94701==    by 0x4A6E636: cv::Mat::create(int, int const*, int) (in /usr/lib/x86_64-linux-gnu/libopencv_core.so.4.6.0)
==94701==    by 0x4A6E98F: cv::Mat::create(int, int, int) (in /usr/lib/x86_64-linux-gnu/libopencv_core.so.4.6.0)
==94701==    by 0x4887FDF: svo::frame_utils::createImgPyramid(cv::Mat const&, int, std::vector<cv::Mat, std::allocator<cv::Mat> >&) (in /workspace/rpg_svo/svo/lib/libsvo.so)
==94701==    by 0x48883AC: svo::Frame::Frame(vk::AbstractCamera*, cv::Mat const&, double) (in /workspace/rpg_svo/svo/lib/libsvo.so)
==94701==    by 0x487852F: svo::FrameHandlerMono::addImage(cv::Mat const&, double) (in /workspace/rpg_svo/svo/lib/libsvo.so)
==94701==    by 0x111761: svo::BenchmarkNodeKITTI::runFromFolder(std::__cxx11::basic_string<char, std::char_traits<char>, std::allocator<char> > const&, std::__cxx11::basic_string<char, std::char_traits<char>, std::allocator<char> > const&, int, int) (in /workspace/rpg_svo/svo/bin/test_pipeline_kitty)
==94701==    by 0x110C23: main (in /workspace/rpg_svo/svo/bin/test_pipeline_kitty)
==94701== 
==94701== Invalid write of size 8
==94701==    at 0x4CB7BCF: vk::halfSample(cv::Mat const&, cv::Mat&) (in /workspace/rpg_vikit/vikit_common/lib/libvikit_common.so)
==94701==    by 0x4888055: svo::frame_utils::createImgPyramid(cv::Mat const&, int, std::vector<cv::Mat, std::allocator<cv::Mat> >&) (in /workspace/rpg_svo/svo/lib/libsvo.so)
==94701==    by 0x48883AC: svo::Frame::Frame(vk::AbstractCamera*, cv::Mat const&, double) (in /workspace/rpg_svo/svo/lib/libsvo.so)
==94701==    by 0x487852F: svo::FrameHandlerMono::addImage(cv::Mat const&, double) (in /workspace/rpg_svo/svo/lib/libsvo.so)
==94701==    by 0x111761: svo::BenchmarkNodeKITTI::runFromFolder(std::__cxx11::basic_string<char, std::char_traits<char>, std::allocator<char> > const&, std::__cxx11::basic_string<char, std::char_traits<char>, std::allocator<char> > const&, int, int) (in /workspace/rpg_svo/svo/bin/test_pipeline_kitty)
==94701==    by 0x110C23: main (in /workspace/rpg_svo/svo/bin/test_pipeline_kitty)
==94701==  Address 0x12806643 is 0 bytes after a block of size 1,843 alloc'd
==94701==    at 0x4846828: malloc (in /usr/libexec/valgrind/vgpreload_memcheck-amd64-linux.so)
==94701==    by 0x49A9628: cv::fastMalloc(unsigned long) (in /usr/lib/x86_64-linux-gnu/libopencv_core.so.4.6.0)
==94701==    by 0x4A7851B: ??? (in /usr/lib/x86_64-linux-gnu/libopencv_core.so.4.6.0)
==94701==    by 0x4A6E636: cv::Mat::create(int, int const*, int) (in /usr/lib/x86_64-linux-gnu/libopencv_core.so.4.6.0)
==94701==    by 0x4A6E98F: cv::Mat::create(int, int, int) (in /usr/lib/x86_64-linux-gnu/libopencv_core.so.4.6.0)
==94701==    by 0x4888030: svo::frame_utils::createImgPyramid(cv::Mat const&, int, std::vector<cv::Mat, std::allocator<cv::Mat> >&) (in /workspace/rpg_svo/svo/lib/libsvo.so)
==94701==    by 0x48883AC: svo::Frame::Frame(vk::AbstractCamera*, cv::Mat const&, double) (in /workspace/rpg_svo/svo/lib/libsvo.so)
==94701==    by 0x487852F: svo::FrameHandlerMono::addImage(cv::Mat const&, double) (in /workspace/rpg_svo/svo/lib/libsvo.so)
==94701==    by 0x111761: svo::BenchmarkNodeKITTI::runFromFolder(std::__cxx11::basic_string<char, std::char_traits<char>, std::allocator<char> > const&, std::__cxx11::basic_string<char, std::char_traits<char>, std::allocator<char> > const&, int, int) (in /workspace/rpg_svo/svo/bin/test_pipeline_kitty)
==94701==    by 0x110C23: main (in /workspace/rpg_svo/svo/bin/test_pipeline_kitty)
==94701== 
==94701== Invalid read of size 16
==94701==    at 0x4CB7A2E: vk::halfSample(cv::Mat const&, cv::Mat&) (in /workspace/rpg_vikit/vikit_common/lib/libvikit_common.so)
==94701==    by 0x4888055: svo::frame_utils::createImgPyramid(cv::Mat const&, int, std::vector<cv::Mat, std::allocator<cv::Mat> >&) (in /workspace/rpg_svo/svo/lib/libsvo.so)
==94701==    by 0x48883AC: svo::Frame::Frame(vk::AbstractCamera*, cv::Mat const&, double) (in /workspace/rpg_svo/svo/lib/libsvo.so)
==94701==    by 0x487852F: svo::FrameHandlerMono::addImage(cv::Mat const&, double) (in /workspace/rpg_svo/svo/lib/libsvo.so)
==94701==    by 0x111761: svo::BenchmarkNodeKITTI::runFromFolder(std::__cxx11::basic_string<char, std::char_traits<char>, std::allocator<char> > const&, std::__cxx11::basic_string<char, std::char_traits<char>, std::allocator<char> > const&, int, int) (in /workspace/rpg_svo/svo/bin/test_pipeline_kitty)
==94701==    by 0x110C23: main (in /workspace/rpg_svo/svo/bin/test_pipeline_kitty)
==94701==  Address 0x12805ede is 17 bytes after a block of size 7,357 alloc'd
==94701==    at 0x4846828: malloc (in /usr/libexec/valgrind/vgpreload_memcheck-amd64-linux.so)
==94701==    by 0x49A9628: cv::fastMalloc(unsigned long) (in /usr/lib/x86_64-linux-gnu/libopencv_core.so.4.6.0)
==94701==    by 0x4A7851B: ??? (in /usr/lib/x86_64-linux-gnu/libopencv_core.so.4.6.0)
==94701==    by 0x4A6E636: cv::Mat::create(int, int const*, int) (in /usr/lib/x86_64-linux-gnu/libopencv_core.so.4.6.0)
==94701==    by 0x4A6E98F: cv::Mat::create(int, int, int) (in /usr/lib/x86_64-linux-gnu/libopencv_core.so.4.6.0)
==94701==    by 0x4887FDF: svo::frame_utils::createImgPyramid(cv::Mat const&, int, std::vector<cv::Mat, std::allocator<cv::Mat> >&) (in /workspace/rpg_svo/svo/lib/libsvo.so)
==94701==    by 0x48883AC: svo::Frame::Frame(vk::AbstractCamera*, cv::Mat const&, double) (in /workspace/rpg_svo/svo/lib/libsvo.so)
==94701==    by 0x487852F: svo::FrameHandlerMono::addImage(cv::Mat const&, double) (in /workspace/rpg_svo/svo/lib/libsvo.so)
==94701==    by 0x111761: svo::BenchmarkNodeKITTI::runFromFolder(std::__cxx11::basic_string<char, std::char_traits<char>, std::allocator<char> > const&, std::__cxx11::basic_string<char, std::char_traits<char>, std::allocator<char> > const&, int, int) (in /workspace/rpg_svo/svo/bin/test_pipeline_kitty)
==94701==    by 0x110C23: main (in /workspace/rpg_svo/svo/bin/test_pipeline_kitty)
==94701== 
==94701== Invalid read of size 16
==94701==    at 0x4CB7A34: vk::halfSample(cv::Mat const&, cv::Mat&) (in /workspace/rpg_vikit/vikit_common/lib/libvikit_common.so)
==94701==    by 0x4888055: svo::frame_utils::createImgPyramid(cv::Mat const&, int, std::vector<cv::Mat, std::allocator<cv::Mat> >&) (in /workspace/rpg_svo/svo/lib/libsvo.so)
==94701==    by 0x48883AC: svo::Frame::Frame(vk::AbstractCamera*, cv::Mat const&, double) (in /workspace/rpg_svo/svo/lib/libsvo.so)
==94701==    by 0x487852F: svo::FrameHandlerMono::addImage(cv::Mat const&, double) (in /workspace/rpg_svo/svo/lib/libsvo.so)
==94701==    by 0x111761: svo::BenchmarkNodeKITTI::runFromFolder(std::__cxx11::basic_string<char, std::char_traits<char>, std::allocator<char> > const&, std::__cxx11::basic_string<char, std::char_traits<char>, std::allocator<char> > const&, int, int) (in /workspace/rpg_svo/svo/bin/test_pipeline_kitty)
==94701==    by 0x110C23: main (in /workspace/rpg_svo/svo/bin/test_pipeline_kitty)
==94701==  Address 0x12805eee is 30 bytes after a block of size 7,360 in arena "client"
==94701== 
==94701== Invalid read of size 16
==94701==    at 0x4CB7A45: vk::halfSample(cv::Mat const&, cv::Mat&) (in /workspace/rpg_vikit/vikit_common/lib/libvikit_common.so)
==94701==    by 0x4888055: svo::frame_utils::createImgPyramid(cv::Mat const&, int, std::vector<cv::Mat, std::allocator<cv::Mat> >&) (in /workspace/rpg_svo/svo/lib/libsvo.so)
==94701==    by 0x48883AC: svo::Frame::Frame(vk::AbstractCamera*, cv::Mat const&, double) (in /workspace/rpg_svo/svo/lib/libsvo.so)
==94701==    by 0x487852F: svo::FrameHandlerMono::addImage(cv::Mat const&, double) (in /workspace/rpg_svo/svo/lib/libsvo.so)
==94701==    by 0x111761: svo::BenchmarkNodeKITTI::runFromFolder(std::__cxx11::basic_string<char, std::char_traits<char>, std::allocator<char> > const&, std::__cxx11::basic_string<char, std::char_traits<char>, std::allocator<char> > const&, int, int) (in /workspace/rpg_svo/svo/bin/test_pipeline_kitty)
==94701==    by 0x110C23: main (in /workspace/rpg_svo/svo/bin/test_pipeline_kitty)
==94701==  Address 0x12805ede is 17 bytes after a block of size 7,357 alloc'd
==94701==    at 0x4846828: malloc (in /usr/libexec/valgrind/vgpreload_memcheck-amd64-linux.so)
==94701==    by 0x49A9628: cv::fastMalloc(unsigned long) (in /usr/lib/x86_64-linux-gnu/libopencv_core.so.4.6.0)
==94701==    by 0x4A7851B: ??? (in /usr/lib/x86_64-linux-gnu/libopencv_core.so.4.6.0)
==94701==    by 0x4A6E636: cv::Mat::create(int, int const*, int) (in /usr/lib/x86_64-linux-gnu/libopencv_core.so.4.6.0)
==94701==    by 0x4A6E98F: cv::Mat::create(int, int, int) (in /usr/lib/x86_64-linux-gnu/libopencv_core.so.4.6.0)
==94701==    by 0x4887FDF: svo::frame_utils::createImgPyramid(cv::Mat const&, int, std::vector<cv::Mat, std::allocator<cv::Mat> >&) (in /workspace/rpg_svo/svo/lib/libsvo.so)
==94701==    by 0x48883AC: svo::Frame::Frame(vk::AbstractCamera*, cv::Mat const&, double) (in /workspace/rpg_svo/svo/lib/libsvo.so)
==94701==    by 0x487852F: svo::FrameHandlerMono::addImage(cv::Mat const&, double) (in /workspace/rpg_svo/svo/lib/libsvo.so)
==94701==    by 0x111761: svo::BenchmarkNodeKITTI::runFromFolder(std::__cxx11::basic_string<char, std::char_traits<char>, std::allocator<char> > const&, std::__cxx11::basic_string<char, std::char_traits<char>, std::allocator<char> > const&, int, int) (in /workspace/rpg_svo/svo/bin/test_pipeline_kitty)
==94701==    by 0x110C23: main (in /workspace/rpg_svo/svo/bin/test_pipeline_kitty)
==94701== 
==94701== Invalid read of size 16
==94701==    at 0x4CB7A56: vk::halfSample(cv::Mat const&, cv::Mat&) (in /workspace/rpg_vikit/vikit_common/lib/libvikit_common.so)
==94701==    by 0x4888055: svo::frame_utils::createImgPyramid(cv::Mat const&, int, std::vector<cv::Mat, std::allocator<cv::Mat> >&) (in /workspace/rpg_svo/svo/lib/libsvo.so)
==94701==    by 0x48883AC: svo::Frame::Frame(vk::AbstractCamera*, cv::Mat const&, double) (in /workspace/rpg_svo/svo/lib/libsvo.so)
==94701==    by 0x487852F: svo::FrameHandlerMono::addImage(cv::Mat const&, double) (in /workspace/rpg_svo/svo/lib/libsvo.so)
==94701==    by 0x111761: svo::BenchmarkNodeKITTI::runFromFolder(std::__cxx11::basic_string<char, std::char_traits<char>, std::allocator<char> > const&, std::__cxx11::basic_string<char, std::char_traits<char>, std::allocator<char> > const&, int, int) (in /workspace/rpg_svo/svo/bin/test_pipeline_kitty)
==94701==    by 0x110C23: main (in /workspace/rpg_svo/svo/bin/test_pipeline_kitty)
==94701==  Address 0x12805eee is 30 bytes after a block of size 7,360 in arena "client"
==94701== 
==94701== Invalid write of size 8
==94701==    at 0x4CB7AF9: vk::halfSample(cv::Mat const&, cv::Mat&) (in /workspace/rpg_vikit/vikit_common/lib/libvikit_common.so)
==94701==    by 0x4888055: svo::frame_utils::createImgPyramid(cv::Mat const&, int, std::vector<cv::Mat, std::allocator<cv::Mat> >&) (in /workspace/rpg_svo/svo/lib/libsvo.so)
==94701==    by 0x48883AC: svo::Frame::Frame(vk::AbstractCamera*, cv::Mat const&, double) (in /workspace/rpg_svo/svo/lib/libsvo.so)
==94701==    by 0x487852F: svo::FrameHandlerMono::addImage(cv::Mat const&, double) (in /workspace/rpg_svo/svo/lib/libsvo.so)
==94701==    by 0x111761: svo::BenchmarkNodeKITTI::runFromFolder(std::__cxx11::basic_string<char, std::char_traits<char>, std::allocator<char> > const&, std::__cxx11::basic_string<char, std::char_traits<char>, std::allocator<char> > const&, int, int) (in /workspace/rpg_svo/svo/bin/test_pipeline_kitty)
==94701==    by 0x110C23: main (in /workspace/rpg_svo/svo/bin/test_pipeline_kitty)
==94701==  Address 0x1280664b is 8 bytes after a block of size 1,843 alloc'd
==94701==    at 0x4846828: malloc (in /usr/libexec/valgrind/vgpreload_memcheck-amd64-linux.so)
==94701==    by 0x49A9628: cv::fastMalloc(unsigned long) (in /usr/lib/x86_64-linux-gnu/libopencv_core.so.4.6.0)
==94701==    by 0x4A7851B: ??? (in /usr/lib/x86_64-linux-gnu/libopencv_core.so.4.6.0)
==94701==    by 0x4A6E636: cv::Mat::create(int, int const*, int) (in /usr/lib/x86_64-linux-gnu/libopencv_core.so.4.6.0)
==94701==    by 0x4A6E98F: cv::Mat::create(int, int, int) (in /usr/lib/x86_64-linux-gnu/libopencv_core.so.4.6.0)
==94701==    by 0x4888030: svo::frame_utils::createImgPyramid(cv::Mat const&, int, std::vector<cv::Mat, std::allocator<cv::Mat> >&) (in /workspace/rpg_svo/svo/lib/libsvo.so)
==94701==    by 0x48883AC: svo::Frame::Frame(vk::AbstractCamera*, cv::Mat const&, double) (in /workspace/rpg_svo/svo/lib/libsvo.so)
==94701==    by 0x487852F: svo::FrameHandlerMono::addImage(cv::Mat const&, double) (in /workspace/rpg_svo/svo/lib/libsvo.so)
==94701==    by 0x111761: svo::BenchmarkNodeKITTI::runFromFolder(std::__cxx11::basic_string<char, std::char_traits<char>, std::allocator<char> > const&, std::__cxx11::basic_string<char, std::char_traits<char>, std::allocator<char> > const&, int, int) (in /workspace/rpg_svo/svo/bin/test_pipeline_kitty)
==94701==    by 0x110C23: main (in /workspace/rpg_svo/svo/bin/test_pipeline_kitty)
==94701== 

valgrind: m_mallocfree.c:304 (get_bszB_as_is): Assertion 'bszB_lo == bszB_hi' failed.
valgrind: Heap block lo/hi size mismatch: lo = 1920, hi = 3289652.
This is probably caused by your program erroneously writing past the
end of a heap block and corrupting heap metadata.  If you fix any
invalid writes reported by Memcheck, this assertion failure will
probably go away.  Please try that before reporting this as a bug.


host stacktrace:
==94701==    at 0x58044A9A: ??? (in /usr/libexec/valgrind/memcheck-amd64-linux)
==94701==    by 0x58044BDF: ??? (in /usr/libexec/valgrind/memcheck-amd64-linux)
==94701==    by 0x58044D75: ??? (in /usr/libexec/valgrind/memcheck-amd64-linux)
==94701==    by 0x5804EDB8: ??? (in /usr/libexec/valgrind/memcheck-amd64-linux)
==94701==    by 0x5803CDCA: ??? (in /usr/libexec/valgrind/memcheck-amd64-linux)
==94701==    by 0x5803B3E7: ??? (in /usr/libexec/valgrind/memcheck-amd64-linux)
==94701==    by 0x5803FFD0: ??? (in /usr/libexec/valgrind/memcheck-amd64-linux)
==94701==    by 0x5803A260: ??? (in /usr/libexec/valgrind/memcheck-amd64-linux)
==94701==    by 0x100A0FFB5F: ???
==94701==    by 0x10091ADF0F: ???

sched status:
  running_tid=1

Thread 1: status = VgTs_Runnable (lwpid 94701)
==94701==    at 0x4CB7D3C: vk::halfSample(cv::Mat const&, cv::Mat&) (in /workspace/rpg_vikit/vikit_common/lib/libvikit_common.so)
==94701==    by 0x4888055: svo::frame_utils::createImgPyramid(cv::Mat const&, int, std::vector<cv::Mat, std::allocator<cv::Mat> >&) (in /workspace/rpg_svo/svo/lib/libsvo.so)
==94701==    by 0x48883AC: svo::Frame::Frame(vk::AbstractCamera*, cv::Mat const&, double) (in /workspace/rpg_svo/svo/lib/libsvo.so)
==94701==    by 0x487852F: svo::FrameHandlerMono::addImage(cv::Mat const&, double) (in /workspace/rpg_svo/svo/lib/libsvo.so)
==94701==    by 0x111761: svo::BenchmarkNodeKITTI::runFromFolder(std::__cxx11::basic_string<char, std::char_traits<char>, std::allocator<char> > const&, std::__cxx11::basic_string<char, std::char_traits<char>, std::allocator<char> > const&, int, int) (in /workspace/rpg_svo/svo/bin/test_pipeline_kitty)
==94701==    by 0x110C23: main (in /workspace/rpg_svo/svo/bin/test_pipeline_kitty)
client stack range: [0x1FFEFFD000 0x1FFF000FFF] client SP: 0x1FFF000020
valgrind stack range: [0x10090AE000 0x10091ADFFF] top usage: 18232 of 1048576

Thread 2: status = VgTs_WaitSys syscall 24 (lwpid 94747)
==94701==    at 0x50C780B: sched_yield (syscall-template.S:120)
==94701==    by 0x81497EA: ??? (in /usr/lib/x86_64-linux-gnu/libtbb.so.12.11)
==94701==    by 0x8161421: ??? (in /usr/lib/x86_64-linux-gnu/libtbb.so.12.11)
==94701==    by 0x8156DA4: ??? (in /usr/lib/x86_64-linux-gnu/libtbb.so.12.11)
==94701==    by 0x5055AA3: start_thread (pthread_create.c:447)
==94701==    by 0x50E2A63: clone (clone.S:100)
client stack range: [0x132D8000 0x136D6FFF] client SP: 0x136D5D48
valgrind stack range: [0x100CFAF000 0x100D0AEFFF] top usage: 3304 of 1048576

Thread 3: status = VgTs_WaitSys syscall 24 (lwpid 94748)
==94701==    at 0x50C780B: sched_yield (syscall-template.S:120)
==94701==    by 0x81497EA: ??? (in /usr/lib/x86_64-linux-gnu/libtbb.so.12.11)
==94701==    by 0x8161421: ??? (in /usr/lib/x86_64-linux-gnu/libtbb.so.12.11)
==94701==    by 0x8156DA4: ??? (in /usr/lib/x86_64-linux-gnu/libtbb.so.12.11)
==94701==    by 0x5055AA3: start_thread (pthread_create.c:447)
==94701==    by 0x50E2A63: clone (clone.S:100)
client stack range: [0x136D9000 0x13AD7FFF] client SP: 0x13AD6D48
valgrind stack range: [0x100D1F0000 0x100D2EFFFF] top usage: 5624 of 1048576

Thread 4: status = VgTs_WaitSys syscall 24 (lwpid 94765)
==94701==    at 0x50C780B: sched_yield (syscall-template.S:120)
==94701==    by 0x81497EA: ??? (in /usr/lib/x86_64-linux-gnu/libtbb.so.12.11)
==94701==    by 0x8161421: ??? (in /usr/lib/x86_64-linux-gnu/libtbb.so.12.11)
==94701==    by 0x8156DA4: ??? (in /usr/lib/x86_64-linux-gnu/libtbb.so.12.11)
==94701==    by 0x5055AA3: start_thread (pthread_create.c:447)
==94701==    by 0x50E2A63: clone (clone.S:100)
client stack range: [0x13ADA000 0x13ED8FFF] client SP: 0x13ED7D48
valgrind stack range: [0x1010E36000 0x1010F35FFF] top usage: 5624 of 1048576

Thread 5: status = VgTs_WaitSys syscall 24 (lwpid 94766)
==94701==    at 0x50C780B: sched_yield (syscall-template.S:120)
==94701==    by 0x81497EA: ??? (in /usr/lib/x86_64-linux-gnu/libtbb.so.12.11)
==94701==    by 0x8161421: ??? (in /usr/lib/x86_64-linux-gnu/libtbb.so.12.11)
==94701==    by 0x8156DA4: ??? (in /usr/lib/x86_64-linux-gnu/libtbb.so.12.11)
==94701==    by 0x5055AA3: start_thread (pthread_create.c:447)
==94701==    by 0x50E2A63: clone (clone.S:100)
client stack range: [0x13EDB000 0x142D9FFF] client SP: 0x142D8D48
valgrind stack range: [0x101103A000 0x1011139FFF] top usage: 6768 of 1048576

Thread 6: status = VgTs_WaitSys syscall 202 (lwpid 94767)
==94701==    at 0x5051D71: __futex_abstimed_wait_common64 (futex-internal.c:57)
==94701==    by 0x5051D71: __futex_abstimed_wait_common (futex-internal.c:87)
==94701==    by 0x5051D71: __futex_abstimed_wait_cancelable64 (futex-internal.c:139)
==94701==    by 0x50547EC: __pthread_cond_wait_common (pthread_cond_wait.c:503)
==94701==    by 0x50547EC: pthread_cond_wait@@GLIBC_2.3.2 (pthread_cond_wait.c:627)
==94701==    by 0x48A7FAA: svo::DepthFilter::updateSeedsLoop() (in /workspace/rpg_svo/svo/lib/libsvo.so)
==94701==    by 0x51F499E: ??? (in /usr/lib/x86_64-linux-gnu/libboost_thread.so.1.83.0)
==94701==    by 0x5055AA3: start_thread (pthread_create.c:447)
==94701==    by 0x50E2A63: clone (clone.S:100)
client stack range: [0x142DC000 0x14ADAFFF] client SP: 0x14AD9D40
valgrind stack range: [0x1011346000 0x1011445FFF] top usage: 3592 of 1048576

Thread 7: status = VgTs_WaitSys syscall 24 (lwpid 94768)
==94701==    at 0x50C780B: sched_yield (syscall-template.S:120)
==94701==    by 0x81497EA: ??? (in /usr/lib/x86_64-linux-gnu/libtbb.so.12.11)
==94701==    by 0x8161421: ??? (in /usr/lib/x86_64-linux-gnu/libtbb.so.12.11)
==94701==    by 0x8156DA4: ??? (in /usr/lib/x86_64-linux-gnu/libtbb.so.12.11)
==94701==    by 0x5055AA3: start_thread (pthread_create.c:447)
==94701==    by 0x50E2A63: clone (clone.S:100)
client stack range: [0x14ADD000 0x14EDBFFF] client SP: 0x14EDAD48
valgrind stack range: [0x101154A000 0x1011649FFF] top usage: 6272 of 1048576

Thread 8: status = VgTs_WaitSys syscall 24 (lwpid 94769)
==94701==    at 0x50C780B: sched_yield (syscall-template.S:120)
==94701==    by 0x81497EA: ??? (in /usr/lib/x86_64-linux-gnu/libtbb.so.12.11)
==94701==    by 0x8161421: ??? (in /usr/lib/x86_64-linux-gnu/libtbb.so.12.11)
==94701==    by 0x8156DA4: ??? (in /usr/lib/x86_64-linux-gnu/libtbb.so.12.11)
==94701==    by 0x5055AA3: start_thread (pthread_create.c:447)
==94701==    by 0x50E2A63: clone (clone.S:100)
client stack range: [0x14EDE000 0x152DCFFF] client SP: 0x152DBD48
valgrind stack range: [0x101174E000 0x101184DFFF] top usage: 3304 of 1048576

Thread 9: status = VgTs_WaitSys syscall 24 (lwpid 94770)
==94701==    at 0x50C780B: sched_yield (syscall-template.S:120)
==94701==    by 0x81497EA: ??? (in /usr/lib/x86_64-linux-gnu/libtbb.so.12.11)
==94701==    by 0x8161421: ??? (in /usr/lib/x86_64-linux-gnu/libtbb.so.12.11)
==94701==    by 0x8156DA4: ??? (in /usr/lib/x86_64-linux-gnu/libtbb.so.12.11)
==94701==    by 0x5055AA3: start_thread (pthread_create.c:447)
==94701==    by 0x50E2A63: clone (clone.S:100)
client stack range: [0x152DF000 0x156DDFFF] client SP: 0x156DCD48
valgrind stack range: [0x1011952000 0x1011A51FFF] top usage: 3304 of 1048576

Thread 10: status = VgTs_WaitSys syscall 24 (lwpid 94771)
==94701==    at 0x50C780B: sched_yield (syscall-template.S:120)
==94701==    by 0x81497EA: ??? (in /usr/lib/x86_64-linux-gnu/libtbb.so.12.11)
==94701==    by 0x8161421: ??? (in /usr/lib/x86_64-linux-gnu/libtbb.so.12.11)
==94701==    by 0x8156DA4: ??? (in /usr/lib/x86_64-linux-gnu/libtbb.so.12.11)
==94701==    by 0x5055AA3: start_thread (pthread_create.c:447)
==94701==    by 0x50E2A63: clone (clone.S:100)
client stack range: [0x156E0000 0x15ADEFFF] client SP: 0x15ADDD48
valgrind stack range: [0x1011F56000 0x1012055FFF] top usage: 3304 of 1048576

Thread 11: status = VgTs_WaitSys syscall 24 (lwpid 94772)
==94701==    at 0x50C780B: sched_yield (syscall-template.S:120)
==94701==    by 0x81497EA: ??? (in /usr/lib/x86_64-linux-gnu/libtbb.so.12.11)
==94701==    by 0x8161421: ??? (in /usr/lib/x86_64-linux-gnu/libtbb.so.12.11)
==94701==    by 0x8156DA4: ??? (in /usr/lib/x86_64-linux-gnu/libtbb.so.12.11)
==94701==    by 0x5055AA3: start_thread (pthread_create.c:447)
==94701==    by 0x50E2A63: clone (clone.S:100)
client stack range: [0x15AE1000 0x15EDFFFF] client SP: 0x15EDED48
valgrind stack range: [0x101255E000 0x101265DFFF] top usage: 3304 of 1048576

Thread 12: status = VgTs_WaitSys syscall 24 (lwpid 94773)
==94701==    at 0x50C780B: sched_yield (syscall-template.S:120)
==94701==    by 0x81497EA: ??? (in /usr/lib/x86_64-linux-gnu/libtbb.so.12.11)
==94701==    by 0x8161421: ??? (in /usr/lib/x86_64-linux-gnu/libtbb.so.12.11)
==94701==    by 0x8156DA4: ??? (in /usr/lib/x86_64-linux-gnu/libtbb.so.12.11)
==94701==    by 0x5055AA3: start_thread (pthread_create.c:447)
==94701==    by 0x50E2A63: clone (clone.S:100)
client stack range: [0x15EE2000 0x162E0FFF] client SP: 0x162DFD48
valgrind stack range: [0x1012B62000 0x1012C61FFF] top usage: 5624 of 1048576

Thread 13: status = VgTs_Yielding (lwpid 94774)
==94701==    at 0x81497EB: ??? (in /usr/lib/x86_64-linux-gnu/libtbb.so.12.11)
==94701==    by 0x8161421: ??? (in /usr/lib/x86_64-linux-gnu/libtbb.so.12.11)
==94701==    by 0x8156DA4: ??? (in /usr/lib/x86_64-linux-gnu/libtbb.so.12.11)
==94701==    by 0x5055AA3: start_thread (pthread_create.c:447)
==94701==    by 0x50E2A63: clone (clone.S:100)
client stack range: [0x162E3000 0x166E1FFF] client SP: 0x166E0D50
valgrind stack range: [0x1012D66000 0x1012E65FFF] top usage: 3304 of 1048576


Note: see also the FAQ in the source distribution.
It contains workarounds to several common problems.
In particular, if Valgrind aborted or crashed after
identifying problems in your program, there's a good chance
that fixing those problems will prevent Valgrind aborting or
crashing, especially if it happened in m_mallocfree.c.

If that doesn't help, please report this bug to: www.valgrind.org

In the bug report, send all the above text, the valgrind
version, and what OS and version you are using.  Thanks.

