Performing C SOURCE FILE Test CMAKE_HAVE_LIBC_PTHREAD failed with the following output:
Change Dir: /workspace/svo_ws/build/ceres_catkin/CMakeFiles/CMakeTmp

Run Build Command(s):/usr/bin/make cmTC_becdd/fast && /usr/bin/make -f CMakeFiles/cmTC_becdd.dir/build.make CMakeFiles/cmTC_becdd.dir/build
make[1]: Entering directory '/workspace/svo_ws/build/ceres_catkin/CMakeFiles/CMakeTmp'
Building C object CMakeFiles/cmTC_becdd.dir/src.c.o
/usr/bin/cc   -DCMAKE_HAVE_LIBC_PTHREAD   -o CMakeFiles/cmTC_becdd.dir/src.c.o   -c /workspace/svo_ws/build/ceres_catkin/CMakeFiles/CMakeTmp/src.c
Linking C executable cmTC_becdd
/usr/bin/cmake -E cmake_link_script CMakeFiles/cmTC_becdd.dir/link.txt --verbose=1
/usr/bin/cc  -DCMAKE_HAVE_LIBC_PTHREAD    -rdynamic CMakeFiles/cmTC_becdd.dir/src.c.o  -o cmTC_becdd 
/usr/bin/ld: CMakeFiles/cmTC_becdd.dir/src.c.o: in function `main':
src.c:(.text+0x46): undefined reference to `pthread_create'
/usr/bin/ld: src.c:(.text+0x52): undefined reference to `pthread_detach'
/usr/bin/ld: src.c:(.text+0x63): undefined reference to `pthread_join'
collect2: error: ld returned 1 exit status
make[1]: *** [CMakeFiles/cmTC_becdd.dir/build.make:87: cmTC_becdd] Error 1
make[1]: Leaving directory '/workspace/svo_ws/build/ceres_catkin/CMakeFiles/CMakeTmp'
make: *** [Makefile:121: cmTC_becdd/fast] Error 2


Source file was:
#include <pthread.h>

void* test_func(void* data)
{
  return data;
}

int main(void)
{
  pthread_t thread;
  pthread_create(&thread, NULL, test_func, NULL);
  pthread_detach(thread);
  pthread_join(thread, NULL);
  pthread_atfork(NULL, NULL, NULL);
  pthread_exit(NULL);

  return 0;
}

Determining if the function pthread_create exists in the pthreads failed with the following output:
Change Dir: /workspace/svo_ws/build/ceres_catkin/CMakeFiles/CMakeTmp

Run Build Command(s):/usr/bin/make cmTC_1c13b/fast && /usr/bin/make -f CMakeFiles/cmTC_1c13b.dir/build.make CMakeFiles/cmTC_1c13b.dir/build
make[1]: Entering directory '/workspace/svo_ws/build/ceres_catkin/CMakeFiles/CMakeTmp'
Building C object CMakeFiles/cmTC_1c13b.dir/CheckFunctionExists.c.o
/usr/bin/cc   -DCHECK_FUNCTION_EXISTS=pthread_create   -o CMakeFiles/cmTC_1c13b.dir/CheckFunctionExists.c.o   -c /usr/share/cmake-3.16/Modules/CheckFunctionExists.c
Linking C executable cmTC_1c13b
/usr/bin/cmake -E cmake_link_script CMakeFiles/cmTC_1c13b.dir/link.txt --verbose=1
/usr/bin/cc  -DCHECK_FUNCTION_EXISTS=pthread_create    -rdynamic CMakeFiles/cmTC_1c13b.dir/CheckFunctionExists.c.o  -o cmTC_1c13b  -lpthreads 
/usr/bin/ld: cannot find -lpthreads
collect2: error: ld returned 1 exit status
make[1]: *** [CMakeFiles/cmTC_1c13b.dir/build.make:87: cmTC_1c13b] Error 1
make[1]: Leaving directory '/workspace/svo_ws/build/ceres_catkin/CMakeFiles/CMakeTmp'
make: *** [Makefile:121: cmTC_1c13b/fast] Error 2



