[ 12%] [34m[1mPerforming build step for 'gflags_src'[0m
make[3]: warning: -j8 forced in submake: resetting jobserver mode.
[ 12%] [32m[1mLinking CXX shared library lib/libgflags_nothreads.so[0m
[ 62%] Built target gflags_shared
[100%] Built target gflags_nothreads_shared
[ 25%] [34m[1mPerforming install step for 'gflags_src'[0m
make[3]: warning: -j8 forced in submake: resetting jobserver mode.
[ 62%] Built target gflags_nothreads_shared
[100%] Built target gflags_shared
[36mInstall the project...[0m
-- Install configuration: "Release"
-- Installing: /workspace/svo_ws/devel/.private/gflags_catkin/lib/libgflags.so.2.2.1
-- Installing: /workspace/svo_ws/devel/.private/gflags_catkin/lib/libgflags.so.2.2
-- Installing: /workspace/svo_ws/devel/.private/gflags_catkin/lib/libgflags.so
-- Installing: /workspace/svo_ws/devel/.private/gflags_catkin/lib/libgflags_nothreads.so.2.2.1
-- Installing: /workspace/svo_ws/devel/.private/gflags_catkin/lib/libgflags_nothreads.so.2.2
-- Installing: /workspace/svo_ws/devel/.private/gflags_catkin/lib/libgflags_nothreads.so
-- Installing: /workspace/svo_ws/devel/.private/gflags_catkin/include/gflags/gflags.h
-- Installing: /workspace/svo_ws/devel/.private/gflags_catkin/include/gflags/gflags_declare.h
-- Installing: /workspace/svo_ws/devel/.private/gflags_catkin/include/gflags/gflags_completions.h
-- Installing: /workspace/svo_ws/devel/.private/gflags_catkin/lib/cmake/gflags/gflags-config.cmake
-- Installing: /workspace/svo_ws/devel/.private/gflags_catkin/lib/cmake/gflags/gflags-config-version.cmake
-- Installing: /workspace/svo_ws/devel/.private/gflags_catkin/lib/cmake/gflags/gflags-targets.cmake
-- Installing: /workspace/svo_ws/devel/.private/gflags_catkin/lib/cmake/gflags/gflags-targets-release.cmake
-- Installing: /workspace/svo_ws/devel/.private/gflags_catkin/bin/gflags_completions.sh
-- Installing: /workspace/svo_ws/devel/.private/gflags_catkin/lib/pkgconfig/gflags.pc
-- Installing: /home/ubuntu/.cmake/packages/gflags/134bfb110d454d0c6f13215a0dfb9530
[ 37%] [34m[1mCompleted 'gflags_src'[0m
[100%] Built target gflags_src
